Archive member included to satisfy reference by file (symbol)

/Applications/STM32CubeIDE.app/Contents/Eclipse/plugins/com.st.stm32cube.ide.mcu.externaltools.gnu-tools-for-stm32.7-2018-q2-update.macos64_1.4.0.202007081208/tools/bin/../lib/gcc/arm-none-eabi/7.3.1/../../../../arm-none-eabi/lib/thumb/v6-m/libc_nano.a(lib_a-errno.o)
                              Src/syscalls.o (__errno)
/Applications/STM32CubeIDE.app/Contents/Eclipse/plugins/com.st.stm32cube.ide.mcu.externaltools.gnu-tools-for-stm32.7-2018-q2-update.macos64_1.4.0.202007081208/tools/bin/../lib/gcc/arm-none-eabi/7.3.1/../../../../arm-none-eabi/lib/thumb/v6-m/libc_nano.a(lib_a-exit.o)
                              /Applications/STM32CubeIDE.app/Contents/Eclipse/plugins/com.st.stm32cube.ide.mcu.externaltools.gnu-tools-for-stm32.7-2018-q2-update.macos64_1.4.0.202007081208/tools/bin/../lib/gcc/arm-none-eabi/7.3.1/../../../../arm-none-eabi/lib/thumb/v6-m/crt0.o (exit)
/Applications/STM32CubeIDE.app/Contents/Eclipse/plugins/com.st.stm32cube.ide.mcu.externaltools.gnu-tools-for-stm32.7-2018-q2-update.macos64_1.4.0.202007081208/tools/bin/../lib/gcc/arm-none-eabi/7.3.1/../../../../arm-none-eabi/lib/thumb/v6-m/libc_nano.a(lib_a-impure.o)
                              /Applications/STM32CubeIDE.app/Contents/Eclipse/plugins/com.st.stm32cube.ide.mcu.externaltools.gnu-tools-for-stm32.7-2018-q2-update.macos64_1.4.0.202007081208/tools/bin/../lib/gcc/arm-none-eabi/7.3.1/../../../../arm-none-eabi/lib/thumb/v6-m/libc_nano.a(lib_a-exit.o) (_global_impure_ptr)
/Applications/STM32CubeIDE.app/Contents/Eclipse/plugins/com.st.stm32cube.ide.mcu.externaltools.gnu-tools-for-stm32.7-2018-q2-update.macos64_1.4.0.202007081208/tools/bin/../lib/gcc/arm-none-eabi/7.3.1/../../../../arm-none-eabi/lib/thumb/v6-m/libc_nano.a(lib_a-init.o)
                              /Applications/STM32CubeIDE.app/Contents/Eclipse/plugins/com.st.stm32cube.ide.mcu.externaltools.gnu-tools-for-stm32.7-2018-q2-update.macos64_1.4.0.202007081208/tools/bin/../lib/gcc/arm-none-eabi/7.3.1/../../../../arm-none-eabi/lib/thumb/v6-m/crt0.o (__libc_init_array)
/Applications/STM32CubeIDE.app/Contents/Eclipse/plugins/com.st.stm32cube.ide.mcu.externaltools.gnu-tools-for-stm32.7-2018-q2-update.macos64_1.4.0.202007081208/tools/bin/../lib/gcc/arm-none-eabi/7.3.1/../../../../arm-none-eabi/lib/thumb/v6-m/libc_nano.a(lib_a-memset.o)
                              /Applications/STM32CubeIDE.app/Contents/Eclipse/plugins/com.st.stm32cube.ide.mcu.externaltools.gnu-tools-for-stm32.7-2018-q2-update.macos64_1.4.0.202007081208/tools/bin/../lib/gcc/arm-none-eabi/7.3.1/../../../../arm-none-eabi/lib/thumb/v6-m/crt0.o (memset)

Discarded input sections

 .text          0x0000000000000000        0x0 /Applications/STM32CubeIDE.app/Contents/Eclipse/plugins/com.st.stm32cube.ide.mcu.externaltools.gnu-tools-for-stm32.7-2018-q2-update.macos64_1.4.0.202007081208/tools/bin/../lib/gcc/arm-none-eabi/7.3.1/thumb/v6-m/crti.o
 .data          0x0000000000000000        0x0 /Applications/STM32CubeIDE.app/Contents/Eclipse/plugins/com.st.stm32cube.ide.mcu.externaltools.gnu-tools-for-stm32.7-2018-q2-update.macos64_1.4.0.202007081208/tools/bin/../lib/gcc/arm-none-eabi/7.3.1/thumb/v6-m/crti.o
 .bss           0x0000000000000000        0x0 /Applications/STM32CubeIDE.app/Contents/Eclipse/plugins/com.st.stm32cube.ide.mcu.externaltools.gnu-tools-for-stm32.7-2018-q2-update.macos64_1.4.0.202007081208/tools/bin/../lib/gcc/arm-none-eabi/7.3.1/thumb/v6-m/crti.o
 .data          0x0000000000000000        0x4 /Applications/STM32CubeIDE.app/Contents/Eclipse/plugins/com.st.stm32cube.ide.mcu.externaltools.gnu-tools-for-stm32.7-2018-q2-update.macos64_1.4.0.202007081208/tools/bin/../lib/gcc/arm-none-eabi/7.3.1/thumb/v6-m/crtbegin.o
 .text          0x0000000000000000       0x78 /Applications/STM32CubeIDE.app/Contents/Eclipse/plugins/com.st.stm32cube.ide.mcu.externaltools.gnu-tools-for-stm32.7-2018-q2-update.macos64_1.4.0.202007081208/tools/bin/../lib/gcc/arm-none-eabi/7.3.1/../../../../arm-none-eabi/lib/thumb/v6-m/crt0.o
 .data          0x0000000000000000        0x0 /Applications/STM32CubeIDE.app/Contents/Eclipse/plugins/com.st.stm32cube.ide.mcu.externaltools.gnu-tools-for-stm32.7-2018-q2-update.macos64_1.4.0.202007081208/tools/bin/../lib/gcc/arm-none-eabi/7.3.1/../../../../arm-none-eabi/lib/thumb/v6-m/crt0.o
 .bss           0x0000000000000000        0x0 /Applications/STM32CubeIDE.app/Contents/Eclipse/plugins/com.st.stm32cube.ide.mcu.externaltools.gnu-tools-for-stm32.7-2018-q2-update.macos64_1.4.0.202007081208/tools/bin/../lib/gcc/arm-none-eabi/7.3.1/../../../../arm-none-eabi/lib/thumb/v6-m/crt0.o
 .ARM.extab     0x0000000000000000        0x0 /Applications/STM32CubeIDE.app/Contents/Eclipse/plugins/com.st.stm32cube.ide.mcu.externaltools.gnu-tools-for-stm32.7-2018-q2-update.macos64_1.4.0.202007081208/tools/bin/../lib/gcc/arm-none-eabi/7.3.1/../../../../arm-none-eabi/lib/thumb/v6-m/crt0.o
[...]
Memory Configuration

Name             Origin             Length             Attributes
RAM              0x0000000020000000 0x0000000000001800 xrw
ROM              0x0000000008000000 0x0000000000004000 xr
*default*        0x0000000000000000 0xffffffffffffffff

Linker script and memory map

LOAD /Applications/STM32CubeIDE.app/Contents/Eclipse/plugins/com.st.stm32cube.ide.mcu.externaltools.gnu-tools-for-stm32.7-2018-q2-update.macos64_1.4.0.202007081208/tools/bin/../lib/gcc/arm-none-eabi/7.3.1/thumb/v6-m/crti.o
LOAD /Applications/STM32CubeIDE.app/Contents/Eclipse/plugins/com.st.stm32cube.ide.mcu.externaltools.gnu-tools-for-stm32.7-2018-q2-update.macos64_1.4.0.202007081208/tools/bin/../lib/gcc/arm-none-eabi/7.3.1/thumb/v6-m/crtbegin.o
LOAD /Applications/STM32CubeIDE.app/Contents/Eclipse/plugins/com.st.stm32cube.ide.mcu.externaltools.gnu-tools-for-stm32.7-2018-q2-update.macos64_1.4.0.202007081208/tools/bin/../lib/gcc/arm-none-eabi/7.3.1/../../../../arm-none-eabi/lib/thumb/v6-m/crt0.o
LOAD Drivers/Device_drivers/src/DEV_driver.o
LOAD Drivers/Modul drivers/src/AD8556_driver.o
LOAD Drivers/Modul drivers/src/BUTTON_driver.o
LOAD Drivers/Modul drivers/src/LED_driver.o
LOAD Drivers/Modul drivers/src/OMS_driver.o
LOAD Drivers/Peripheral_drivers/src/ADC_driver.o
LOAD Drivers/Peripheral_drivers/src/EXTI_driver.o
LOAD Drivers/Peripheral_drivers/src/GPIO_driver.o
LOAD Drivers/Peripheral_drivers/src/NVIC_driver.o
LOAD Drivers/Peripheral_drivers/src/RCC_driver.o
LOAD Drivers/Peripheral_drivers/src/SPI_driver.o
LOAD Drivers/Peripheral_drivers/src/SYSCFG_driver.o
LOAD Drivers/Peripheral_drivers/src/TIM16_driver.o
LOAD Drivers/Peripheral_drivers/src/TIM17_driver.o
LOAD Src/main.o
LOAD Src/syscalls.o
LOAD Src/sysmem.o
LOAD Startup/startup_stm32f042c4tx.o
START GROUP
LOAD /Applications/STM32CubeIDE.app/Contents/Eclipse/plugins/com.st.stm32cube.ide.mcu.externaltools.gnu-tools-for-stm32.7-2018-q2-update.macos64_1.4.0.202007081208/tools/bin/../lib/gcc/arm-none-eabi/7.3.1/../../../../arm-none-eabi/lib/thumb/v6-m/libc_nano.a
LOAD /Applications/STM32CubeIDE.app/Contents/Eclipse/plugins/com.st.stm32cube.ide.mcu.externaltools.gnu-tools-for-stm32.7-2018-q2-update.macos64_1.4.0.202007081208/tools/bin/../lib/gcc/arm-none-eabi/7.3.1/../../../../arm-none-eabi/lib/thumb/v6-m/libm.a
END GROUP
START GROUP
LOAD /Applications/STM32CubeIDE.app/Contents/Eclipse/plugins/com.st.stm32cube.ide.mcu.externaltools.gnu-tools-for-stm32.7-2018-q2-update.macos64_1.4.0.202007081208/tools/bin/../lib/gcc/arm-none-eabi/7.3.1/thumb/v6-m/libgcc.a
LOAD /Applications/STM32CubeIDE.app/Contents/Eclipse/plugins/com.st.stm32cube.ide.mcu.externaltools.gnu-tools-for-stm32.7-2018-q2-update.macos64_1.4.0.202007081208/tools/bin/../lib/gcc/arm-none-eabi/7.3.1/../../../../arm-none-eabi/lib/thumb/v6-m/libc_nano.a
END GROUP
START GROUP
LOAD /Applications/STM32CubeIDE.app/Contents/Eclipse/plugins/com.st.stm32cube.ide.mcu.externaltools.gnu-tools-for-stm32.7-2018-q2-update.macos64_1.4.0.202007081208/tools/bin/../lib/gcc/arm-none-eabi/7.3.1/thumb/v6-m/libgcc.a
LOAD /Applications/STM32CubeIDE.app/Contents/Eclipse/plugins/com.st.stm32cube.ide.mcu.externaltools.gnu-tools-for-stm32.7-2018-q2-update.macos64_1.4.0.202007081208/tools/bin/../lib/gcc/arm-none-eabi/7.3.1/../../../../arm-none-eabi/lib/thumb/v6-m/libc_nano.a
LOAD /Applications/STM32CubeIDE.app/Contents/Eclipse/plugins/com.st.stm32cube.ide.mcu.externaltools.gnu-tools-for-stm32.7-2018-q2-update.macos64_1.4.0.202007081208/tools/bin/../lib/gcc/arm-none-eabi/7.3.1/../../../../arm-none-eabi/lib/thumb/v6-m/libnosys.a
END GROUP
START GROUP
LOAD /Applications/STM32CubeIDE.app/Contents/Eclipse/plugins/com.st.stm32cube.ide.mcu.externaltools.gnu-tools-for-stm32.7-2018-q2-update.macos64_1.4.0.202007081208/tools/bin/../lib/gcc/arm-none-eabi/7.3.1/thumb/v6-m/libgcc.a
LOAD /Applications/STM32CubeIDE.app/Contents/Eclipse/plugins/com.st.stm32cube.ide.mcu.externaltools.gnu-tools-for-stm32.7-2018-q2-update.macos64_1.4.0.202007081208/tools/bin/../lib/gcc/arm-none-eabi/7.3.1/../../../../arm-none-eabi/lib/thumb/v6-m/libc_nano.a
LOAD /Applications/STM32CubeIDE.app/Contents/Eclipse/plugins/com.st.stm32cube.ide.mcu.externaltools.gnu-tools-for-stm32.7-2018-q2-update.macos64_1.4.0.202007081208/tools/bin/../lib/gcc/arm-none-eabi/7.3.1/../../../../arm-none-eabi/lib/thumb/v6-m/libnosys.a
END GROUP
LOAD /Applications/STM32CubeIDE.app/Contents/Eclipse/plugins/com.st.stm32cube.ide.mcu.externaltools.gnu-tools-for-stm32.7-2018-q2-update.macos64_1.4.0.202007081208/tools/bin/../lib/gcc/arm-none-eabi/7.3.1/thumb/v6-m/crtend.o
LOAD /Applications/STM32CubeIDE.app/Contents/Eclipse/plugins/com.st.stm32cube.ide.mcu.externaltools.gnu-tools-for-stm32.7-2018-q2-update.macos64_1.4.0.202007081208/tools/bin/../lib/gcc/arm-none-eabi/7.3.1/thumb/v6-m/crtn.o
                0x0000000020001800                _estack = (ORIGIN (RAM) + LENGTH (RAM))
                0x0000000000000200                _Min_Heap_Size = 0x200
                0x0000000000000400                _Min_Stack_Size = 0x400

.isr_vector     0x0000000008000000       0xc0
                0x0000000008000000                . = ALIGN (0x4)
 *(.isr_vector)
 .isr_vector    0x0000000008000000       0xc0 Startup/startup_stm32f042c4tx.o
                0x0000000008000000                g_pfnVectors
                0x00000000080000c0                . = ALIGN (0x4)

.text           0x00000000080000c0     0x14c8
                0x00000000080000c0                . = ALIGN (0x4)
 *(.text)
 .text          0x00000000080000c0       0x48 /Applications/STM32CubeIDE.app/Contents/Eclipse/plugins/com.st.stm32cube.ide.mcu.externaltools.gnu-tools-for-stm32.7-2018-q2-update.macos64_1.4.0.202007081208/tools/bin/../lib/gcc/arm-none-eabi/7.3.1/thumb/v6-m/crtbegin.o
 *(.text*)
 .text.DEV_init
                0x0000000008000108       0x3c Drivers/Device_drivers/src/DEV_driver.o
                0x0000000008000108                DEV_init
 .text.stateChanged
                0x0000000008000144       0x54 Drivers/Device_drivers/src/DEV_driver.o
 .text.sendReport
                0x0000000008000198       0x24 Drivers/Device_drivers/src/DEV_driver.o
 .text.updateOld
                0x00000000080001bc       0x38 Drivers/Device_drivers/src/DEV_driver.o
 .text.DEV_tick
                0x00000000080001f4       0x16 Drivers/Device_drivers/src/DEV_driver.o
                0x00000000080001f4                DEV_tick
 *fill*         0x000000000800020a        0x2 
 .text.DEV_updateButton
                0x000000000800020c       0x5c Drivers/Device_drivers/src/DEV_driver.o
                0x000000000800020c                DEV_updateButton
 .text.DEV_updatePositionAndWheel
                0x0000000008000268       0x7c Drivers/Device_drivers/src/DEV_driver.o
                0x0000000008000268                DEV_updatePositionAndWheel
 .text.AD8556_init
                0x00000000080002e4       0x34 Drivers/Modul drivers/src/AD8556_driver.o
                0x00000000080002e4                AD8556_init
 .text.setInAmp
                0x0000000008000318       0x8a Drivers/Modul drivers/src/AD8556_driver.o
 *fill*         0x00000000080003a2        0x2 
 .text.initGPIOs
                0x00000000080003a4       0x58 Drivers/Modul drivers/src/AD8556_driver.o
 .text.setBuffer
                0x00000000080003fc       0xb0 Drivers/Modul drivers/src/AD8556_driver.o
 .text.sendBit  0x00000000080004ac       0x54 Drivers/Modul drivers/src/AD8556_driver.o
 .text.BUTTON_init
                0x0000000008000500       0x48 Drivers/Modul drivers/src/BUTTON_driver.o
                0x0000000008000500                BUTTON_init
 .text.BUTTON_interruptHandler
                0x0000000008000548       0x8e Drivers/Modul drivers/src/BUTTON_driver.o
                0x0000000008000548                BUTTON_interruptHandler
 *fill*         0x00000000080005d6        0x2 
 .text.scrollHandler
                0x00000000080005d8       0x90 Drivers/Modul drivers/src/BUTTON_driver.o
 .text.initButtonPin
                0x0000000008000668       0x70 Drivers/Modul drivers/src/BUTTON_driver.o
 .text.changeButtonState
                0x00000000080006d8       0x2a Drivers/Modul drivers/src/BUTTON_driver.o
 .text.scroll   0x0000000008000702       0x22 Drivers/Modul drivers/src/BUTTON_driver.o
 .text.LED_init
                0x0000000008000724       0x50 Drivers/Modul drivers/src/LED_driver.o
                0x0000000008000724                LED_init
 .text.OMS_init
                0x0000000008000774       0xd8 Drivers/Modul drivers/src/OMS_driver.o
                0x0000000008000774                OMS_init
 .text.OMS_downloadSROM
                0x000000000800084c       0xb0 Drivers/Modul drivers/src/OMS_driver.o
 .text.OMS_pollReadFromReg
                0x00000000080008fc       0xa0 Drivers/Modul drivers/src/OMS_driver.o
                0x00000000080008fc                OMS_pollReadFromReg
 .text.OMS_pollWriteTOReg
                0x000000000800099c       0xa8 Drivers/Modul drivers/src/OMS_driver.o
                0x000000000800099c                OMS_pollWriteTOReg
 .text.OMS_sendByte
                0x0000000008000a44       0x54 Drivers/Modul drivers/src/OMS_driver.o
                0x0000000008000a44                OMS_sendByte
 .text.ADC_init
                0x0000000008000a98       0x80 Drivers/Peripheral_drivers/src/ADC_driver.o
                0x0000000008000a98                ADC_init
 .text.ADC_interruptHandler
                0x0000000008000b18       0x28 Drivers/Peripheral_drivers/src/ADC_driver.o
                0x0000000008000b18                ADC_interruptHandler
 .text.EXTI_setInterrupt
                0x0000000008000b40       0x4c Drivers/Peripheral_drivers/src/EXTI_driver.o
                0x0000000008000b40                EXTI_setInterrupt
 .text.EXTI_setRisingEdge
                0x0000000008000b8c       0x4c Drivers/Peripheral_drivers/src/EXTI_driver.o
                0x0000000008000b8c                EXTI_setRisingEdge
 .text.EXTI_setFallingEdge
                0x0000000008000bd8       0x4c Drivers/Peripheral_drivers/src/EXTI_driver.o
                0x0000000008000bd8                EXTI_setFallingEdge
 .text.EXTI_resetPendingBit
                0x0000000008000c24       0x28 Drivers/Peripheral_drivers/src/EXTI_driver.o
                0x0000000008000c24                EXTI_resetPendingBit
 .text.EXTI_getPendingBit
                0x0000000008000c4c       0x34 Drivers/Peripheral_drivers/src/EXTI_driver.o
                0x0000000008000c4c                EXTI_getPendingBit
 .text.EXTI_interruptHandler
                0x0000000008000c80       0x64 Drivers/Peripheral_drivers/src/EXTI_driver.o
                0x0000000008000c80                EXTI_interruptHandler
 .text.GPIO_init
                0x0000000008000ce4       0x24 Drivers/Peripheral_drivers/src/GPIO_driver.o
                0x0000000008000ce4                GPIO_init
 .text.GPIO_setMODER
                0x0000000008000d08       0x50 Drivers/Peripheral_drivers/src/GPIO_driver.o
                0x0000000008000d08                GPIO_setMODER
 .text.GPIO_setOTYPER
                0x0000000008000d58       0x4c Drivers/Peripheral_drivers/src/GPIO_driver.o
                0x0000000008000d58                GPIO_setOTYPER
 .text.GPIO_setOSPEEDR
                0x0000000008000da4       0x50 Drivers/Peripheral_drivers/src/GPIO_driver.o
                0x0000000008000da4                GPIO_setOSPEEDR
 .text.GPIO_setPUPDR
                0x0000000008000df4       0x50 Drivers/Peripheral_drivers/src/GPIO_driver.o
                0x0000000008000df4                GPIO_setPUPDR
 .text.GPIO_setALTFUNC
                0x0000000008000e44       0x9a Drivers/Peripheral_drivers/src/GPIO_driver.o
                0x0000000008000e44                GPIO_setALTFUNC
 .text.GPIO_setState
                0x0000000008000ede       0x38 Drivers/Peripheral_drivers/src/GPIO_driver.o
                0x0000000008000ede                GPIO_setState
 .text.GPIO_getState
                0x0000000008000f16       0x2a Drivers/Peripheral_drivers/src/GPIO_driver.o
                0x0000000008000f16                GPIO_getState
 .text.NVIC_setTIM16Line
                0x0000000008000f40       0x38 Drivers/Peripheral_drivers/src/NVIC_driver.o
                0x0000000008000f40                NVIC_setTIM16Line
 .text.NVIC_setADCLine
                0x0000000008000f78       0x38 Drivers/Peripheral_drivers/src/NVIC_driver.o
                0x0000000008000f78                NVIC_setADCLine
 .text.NVIC_setEXTILine
                0x0000000008000fb0       0xd0 Drivers/Peripheral_drivers/src/NVIC_driver.o
                0x0000000008000fb0                NVIC_setEXTILine
 .text.EXTI4_15_IRQHandler
                0x0000000008001080       0x10 Drivers/Peripheral_drivers/src/NVIC_driver.o
                0x0000000008001080                EXTI4_15_IRQHandler
 .text.ADC_COMP_IRQHandler
                0x0000000008001090        0xe Drivers/Peripheral_drivers/src/NVIC_driver.o
                0x0000000008001090                ADC_COMP_IRQHandler
 .text.TIM16_IRQHandler
                0x000000000800109e        0xe Drivers/Peripheral_drivers/src/NVIC_driver.o
                0x000000000800109e                TIM16_IRQHandler
 .text.RCC_initPCLK
                0x00000000080010ac       0x2a Drivers/Peripheral_drivers/src/RCC_driver.o
                0x00000000080010ac                RCC_initPCLK
 *fill*         0x00000000080010d6        0x2 
 .text.RCC_initClockSystem
                0x00000000080010d8       0x50 Drivers/Peripheral_drivers/src/RCC_driver.o
                0x00000000080010d8                RCC_initClockSystem
 .text.SPI_init
                0x0000000008001128       0x44 Drivers/Peripheral_drivers/src/SPI_driver.o
                0x0000000008001128                SPI_init
 .text.initGPIOs
                0x000000000800116c       0xb8 Drivers/Peripheral_drivers/src/SPI_driver.o
 .text.SPI_slaveSelect
                0x0000000008001224       0x2e Drivers/Peripheral_drivers/src/SPI_driver.o
                0x0000000008001224                SPI_slaveSelect
 .text.SPI_freeSlave
                0x0000000008001252       0x2e Drivers/Peripheral_drivers/src/SPI_driver.o
                0x0000000008001252                SPI_freeSlave
 .text.SPI_TxFifoEmpty
                0x0000000008001280       0x20 Drivers/Peripheral_drivers/src/SPI_driver.o
                0x0000000008001280                SPI_TxFifoEmpty
 .text.SPI_RxFifoEmpty
                0x00000000080012a0       0x20 Drivers/Peripheral_drivers/src/SPI_driver.o
                0x00000000080012a0                SPI_RxFifoEmpty
 .text.SPI_readByteRx
                0x00000000080012c0       0x18 Drivers/Peripheral_drivers/src/SPI_driver.o
                0x00000000080012c0                SPI_readByteRx
 .text.SPI_writeByteTx
                0x00000000080012d8       0x20 Drivers/Peripheral_drivers/src/SPI_driver.o
                0x00000000080012d8                SPI_writeByteTx
 .text.SYSCFG_init
                0x00000000080012f8       0x18 Drivers/Peripheral_drivers/src/SYSCFG_driver.o
                0x00000000080012f8                SYSCFG_init
 .text.SYSCFG_setEXTIConfig
                0x0000000008001310       0xac Drivers/Peripheral_drivers/src/SYSCFG_driver.o
                0x0000000008001310                SYSCFG_setEXTIConfig
 .text.TIM16_init
                0x00000000080013bc       0x54 Drivers/Peripheral_drivers/src/TIM16_driver.o
                0x00000000080013bc                TIM16_init
 .text.TIM16_interruptHandler
                0x0000000008001410       0x20 Drivers/Peripheral_drivers/src/TIM16_driver.o
                0x0000000008001410                TIM16_interruptHandler
 .text.TIM17_init
                0x0000000008001430       0x44 Drivers/Peripheral_drivers/src/TIM17_driver.o
                0x0000000008001430                TIM17_init
 .text.TIM17_delayUs
                0x0000000008001474       0x44 Drivers/Peripheral_drivers/src/TIM17_driver.o
                0x0000000008001474                TIM17_delayUs
 .text.main     0x00000000080014b8        0xa Src/main.o
                0x00000000080014b8                main
 *fill*         0x00000000080014c2        0x2 
 .text.Reset_Handler
                0x00000000080014c4       0x50 Startup/startup_stm32f042c4tx.o
                0x00000000080014c4                Reset_Handler
 .text.Default_Handler
                0x0000000008001514        0x2 Startup/startup_stm32f042c4tx.o
                0x0000000008001514                TIM1_BRK_UP_TRG_COM_IRQHandler
                0x0000000008001514                TSC_IRQHandler
                0x0000000008001514                HardFault_Handler
                0x0000000008001514                SysTick_Handler
                0x0000000008001514                PVD_IRQHandler
                0x0000000008001514                PendSV_Handler
                0x0000000008001514                NMI_Handler
                0x0000000008001514                I2C1_IRQHandler
                0x0000000008001514                RCC_CRS_IRQHandler
                0x0000000008001514                SPI1_IRQHandler
                0x0000000008001514                TIM6_DAC_IRQHandler
                0x0000000008001514                USART3_4_IRQHandler
                0x0000000008001514                EXTI2_3_IRQHandler
                0x0000000008001514                I2C2_IRQHandler
                0x0000000008001514                TIM17_IRQHandler
                0x0000000008001514                CEC_CAN_IRQHandler
                0x0000000008001514                RTC_IRQHandler
                0x0000000008001514                TIM3_IRQHandler
                0x0000000008001514                Default_Handler
                0x0000000008001514                TIM14_IRQHandler
                0x0000000008001514                TIM7_IRQHandler
                0x0000000008001514                TIM15_IRQHandler
                0x0000000008001514                EXTI0_1_IRQHandler
                0x0000000008001514                USB_IRQHandler
                0x0000000008001514                SPI2_IRQHandler
                0x0000000008001514                DMA1_CH1_IRQHandler
                0x0000000008001514                SVC_Handler
                0x0000000008001514                WWDG_IRQHandler
                0x0000000008001514                TIM2_IRQHandler
                0x0000000008001514                USART2_IRQHandler
                0x0000000008001514                FLASH_IRQHandler
                0x0000000008001514                USART1_IRQHandler
                0x0000000008001514                TIM1_CC_IRQHandler
 *fill*         0x0000000008001516        0x2 
 .text.__libc_init_array
                0x0000000008001518       0x48 /Applications/STM32CubeIDE.app/Contents/Eclipse/plugins/com.st.stm32cube.ide.mcu.externaltools.gnu-tools-for-stm32.7-2018-q2-update.macos64_1.4.0.202007081208/tools/bin/../lib/gcc/arm-none-eabi/7.3.1/../../../../arm-none-eabi/lib/thumb/v6-m/libc_nano.a(lib_a-init.o)
                0x0000000008001518                __libc_init_array
 .text.memset   0x0000000008001560       0x10 /Applications/STM32CubeIDE.app/Contents/Eclipse/plugins/com.st.stm32cube.ide.mcu.externaltools.gnu-tools-for-stm32.7-2018-q2-update.macos64_1.4.0.202007081208/tools/bin/../lib/gcc/arm-none-eabi/7.3.1/../../../../arm-none-eabi/lib/thumb/v6-m/libc_nano.a(lib_a-memset.o)
                0x0000000008001560                memset
 *(.glue_7)
 .glue_7        0x0000000008001570        0x0 linker stubs
 *(.glue_7t)
 .glue_7t       0x0000000008001570        0x0 linker stubs
 *(.eh_frame)
 .eh_frame      0x0000000008001570        0x0 /Applications/STM32CubeIDE.app/Contents/Eclipse/plugins/com.st.stm32cube.ide.mcu.externaltools.gnu-tools-for-stm32.7-2018-q2-update.macos64_1.4.0.202007081208/tools/bin/../lib/gcc/arm-none-eabi/7.3.1/thumb/v6-m/crtbegin.o
 *(.init)
 .init          0x0000000008001570        0x4 /Applications/STM32CubeIDE.app/Contents/Eclipse/plugins/com.st.stm32cube.ide.mcu.externaltools.gnu-tools-for-stm32.7-2018-q2-update.macos64_1.4.0.202007081208/tools/bin/../lib/gcc/arm-none-eabi/7.3.1/thumb/v6-m/crti.o
                0x0000000008001570                _init
 .init          0x0000000008001574        0x8 /Applications/STM32CubeIDE.app/Contents/Eclipse/plugins/com.st.stm32cube.ide.mcu.externaltools.gnu-tools-for-stm32.7-2018-q2-update.macos64_1.4.0.202007081208/tools/bin/../lib/gcc/arm-none-eabi/7.3.1/thumb/v6-m/crtn.o
 *(.fini)
 .fini          0x000000000800157c        0x4 /Applications/STM32CubeIDE.app/Contents/Eclipse/plugins/com.st.stm32cube.ide.mcu.externaltools.gnu-tools-for-stm32.7-2018-q2-update.macos64_1.4.0.202007081208/tools/bin/../lib/gcc/arm-none-eabi/7.3.1/thumb/v6-m/crti.o
                0x000000000800157c                _fini
 .fini          0x0000000008001580        0x8 /Applications/STM32CubeIDE.app/Contents/Eclipse/plugins/com.st.stm32cube.ide.mcu.externaltools.gnu-tools-for-stm32.7-2018-q2-update.macos64_1.4.0.202007081208/tools/bin/../lib/gcc/arm-none-eabi/7.3.1/thumb/v6-m/crtn.o
                0x0000000008001588                . = ALIGN (0x4)
                0x0000000008001588                _etext = .

.vfp11_veneer   0x0000000008001588        0x0
 .vfp11_veneer  0x0000000008001588        0x0 linker stubs

.v4_bx          0x0000000008001588        0x0
 .v4_bx         0x0000000008001588        0x0 linker stubs

.iplt           0x0000000008001588        0x0
 .iplt          0x0000000008001588        0x0 /Applications/STM32CubeIDE.app/Contents/Eclipse/plugins/com.st.stm32cube.ide.mcu.externaltools.gnu-tools-for-stm32.7-2018-q2-update.macos64_1.4.0.202007081208/tools/bin/../lib/gcc/arm-none-eabi/7.3.1/thumb/v6-m/crtbegin.o

.rodata         0x0000000008001588     0x1080
                0x0000000008001588                . = ALIGN (0x4)
 *(.rodata)
 *(.rodata*)
 .rodata.OMS_firmware
                0x0000000008001588      0xffe Drivers/Modul drivers/src/OMS_driver.o
                0x0000000008001588                OMS_firmware
 *fill*         0x0000000008002586        0x2 
 .rodata.NVIC_setEXTILine
                0x0000000008002588       0x80 Drivers/Peripheral_drivers/src/NVIC_driver.o
                0x0000000008002608                . = ALIGN (0x4)

.rel.dyn        0x0000000008002608        0x0
 .rel.iplt      0x0000000008002608        0x0 /Applications/STM32CubeIDE.app/Contents/Eclipse/plugins/com.st.stm32cube.ide.mcu.externaltools.gnu-tools-for-stm32.7-2018-q2-update.macos64_1.4.0.202007081208/tools/bin/../lib/gcc/arm-none-eabi/7.3.1/thumb/v6-m/crtbegin.o

.ARM.extab      0x0000000008002608        0x0
                0x0000000008002608                . = ALIGN (0x4)
 *(.ARM.extab* .gnu.linkonce.armextab.*)
                0x0000000008002608                . = ALIGN (0x4)

.ARM            0x0000000008002608        0x0
                0x0000000008002608                . = ALIGN (0x4)
                0x0000000008002608                __exidx_start = .
 *(.ARM.exidx*)
                0x0000000008002608                __exidx_end = .
                0x0000000008002608                . = ALIGN (0x4)

.preinit_array  0x0000000008002608        0x0
                0x0000000008002608                . = ALIGN (0x4)
                0x0000000008002608                PROVIDE (__preinit_array_start = .)
 *(.preinit_array*)
                0x0000000008002608                PROVIDE (__preinit_array_end = .)
                0x0000000008002608                . = ALIGN (0x4)

.init_array     0x0000000008002608        0x4
                0x0000000008002608                . = ALIGN (0x4)
                0x0000000008002608                PROVIDE (__init_array_start = .)
 *(SORT_BY_NAME(.init_array.*))
 *(.init_array*)
 .init_array    0x0000000008002608        0x4 /Applications/STM32CubeIDE.app/Contents/Eclipse/plugins/com.st.stm32cube.ide.mcu.externaltools.gnu-tools-for-stm32.7-2018-q2-update.macos64_1.4.0.202007081208/tools/bin/../lib/gcc/arm-none-eabi/7.3.1/thumb/v6-m/crtbegin.o
                0x000000000800260c                PROVIDE (__init_array_end = .)
                0x000000000800260c                . = ALIGN (0x4)

.fini_array     0x000000000800260c        0x4
                0x000000000800260c                . = ALIGN (0x4)
                [!provide]                        PROVIDE (__fini_array_start = .)
 *(SORT_BY_NAME(.fini_array.*))
 *(.fini_array*)
 .fini_array    0x000000000800260c        0x4 /Applications/STM32CubeIDE.app/Contents/Eclipse/plugins/com.st.stm32cube.ide.mcu.externaltools.gnu-tools-for-stm32.7-2018-q2-update.macos64_1.4.0.202007081208/tools/bin/../lib/gcc/arm-none-eabi/7.3.1/thumb/v6-m/crtbegin.o
                [!provide]                        PROVIDE (__fini_array_end = .)
                0x0000000008002610                . = ALIGN (0x4)
                0x0000000008002610                _sidata = LOADADDR (.data)

.data           0x0000000020000000        0x0 load address 0x0000000008002610
                0x0000000020000000                . = ALIGN (0x4)
                0x0000000020000000                _sdata = .
 *(.data)
 *(.data*)
                0x0000000020000000                . = ALIGN (0x4)
                0x0000000020000000                _edata = .

.igot.plt       0x0000000020000000        0x0 load address 0x0000000008002610
 .igot.plt      0x0000000020000000        0x0 /Applications/STM32CubeIDE.app/Contents/Eclipse/plugins/com.st.stm32cube.ide.mcu.externaltools.gnu-tools-for-stm32.7-2018-q2-update.macos64_1.4.0.202007081208/tools/bin/../lib/gcc/arm-none-eabi/7.3.1/thumb/v6-m/crtbegin.o
                0x0000000020000000                . = ALIGN (0x4)

.bss            0x0000000020000000       0x2c load address 0x0000000008002610
                0x0000000020000000                _sbss = .
                0x0000000020000000                __bss_start__ = _sbss
 *(.bss)
 .bss           0x0000000020000000       0x1c /Applications/STM32CubeIDE.app/Contents/Eclipse/plugins/com.st.stm32cube.ide.mcu.externaltools.gnu-tools-for-stm32.7-2018-q2-update.macos64_1.4.0.202007081208/tools/bin/../lib/gcc/arm-none-eabi/7.3.1/thumb/v6-m/crtbegin.o
 *(.bss*)
 .bss.DEV_state
                0x000000002000001c        0x4 Drivers/Device_drivers/src/DEV_driver.o
                0x000000002000001c                DEV_state
 .bss.DEV_stateOld
                0x0000000020000020        0x4 Drivers/Device_drivers/src/DEV_driver.o
                0x0000000020000020                DEV_stateOld
 .bss.scrollBuffer.4289
                0x0000000020000024        0x1 Drivers/Modul drivers/src/BUTTON_driver.o
 *fill*         0x0000000020000025        0x1 
 .bss.pressureRaw
                0x0000000020000026        0x2 Drivers/Peripheral_drivers/src/ADC_driver.o
 .bss.dataUpdated
                0x0000000020000028        0x1 Drivers/Peripheral_drivers/src/ADC_driver.o
 *fill*         0x0000000020000029        0x1 
 .bss.prescaler
                0x000000002000002a        0x2 Drivers/Peripheral_drivers/src/TIM17_driver.o
 *(COMMON)
                0x000000002000002c                . = ALIGN (0x4)
                0x000000002000002c                _ebss = .
                0x000000002000002c                __bss_end__ = _ebss

._user_heap_stack
                0x000000002000002c      0x604 load address 0x0000000008002610
                0x0000000020000030                . = ALIGN (0x8)
 *fill*         0x000000002000002c        0x4 
                [!provide]                        PROVIDE (end = .)
                0x0000000020000030                PROVIDE (_end = .)
                0x0000000020000230                . = (. + _Min_Heap_Size)
 *fill*         0x0000000020000030      0x200 
                0x0000000020000630                . = (. + _Min_Stack_Size)
 *fill*         0x0000000020000230      0x400 
                0x0000000020000630                . = ALIGN (0x8)

/DISCARD/
 libc.a(*)
 libm.a(*)
 libgcc.a(*)

.ARM.attributes
                0x0000000000000000       0x28
 *(.ARM.attributes)
 .ARM.attributes
                0x0000000000000000       0x1e /Applications/STM32CubeIDE.app/Contents/Eclipse/plugins/com.st.stm32cube.ide.mcu.externaltools.gnu-tools-for-stm32.7-2018-q2-update.macos64_1.4.0.202007081208/tools/bin/../lib/gcc/arm-none-eabi/7.3.1/thumb/v6-m/crti.o
 .ARM.attributes
                0x000000000000001e       0x2c /Applications/STM32CubeIDE.app/Contents/Eclipse/plugins/com.st.stm32cube.ide.mcu.externaltools.gnu-tools-for-stm32.7-2018-q2-update.macos64_1.4.0.202007081208/tools/bin/../lib/gcc/arm-none-eabi/7.3.1/thumb/v6-m/crtbegin.o
 .ARM.attributes
                0x000000000000004a       0x31 Drivers/Device_drivers/src/DEV_driver.o
 .ARM.attributes
                0x000000000000007b       0x31 Drivers/Modul drivers/src/AD8556_driver.o
 .ARM.attributes
                0x00000000000000ac       0x31 Drivers/Modul drivers/src/BUTTON_driver.o
 .ARM.attributes
                0x00000000000000dd       0x31 Drivers/Modul drivers/src/LED_driver.o
 .ARM.attributes
                0x000000000000010e       0x31 Drivers/Modul drivers/src/OMS_driver.o
 .ARM.attributes
                0x000000000000013f       0x31 Drivers/Peripheral_drivers/src/ADC_driver.o
 .ARM.attributes
                0x0000000000000170       0x31 Drivers/Peripheral_drivers/src/EXTI_driver.o
 .ARM.attributes
                0x00000000000001a1       0x31 Drivers/Peripheral_drivers/src/GPIO_driver.o
 .ARM.attributes
                0x00000000000001d2       0x31 Drivers/Peripheral_drivers/src/NVIC_driver.o
 .ARM.attributes
                0x0000000000000203       0x31 Drivers/Peripheral_drivers/src/RCC_driver.o
 .ARM.attributes
                0x0000000000000234       0x31 Drivers/Peripheral_drivers/src/SPI_driver.o
 .ARM.attributes
                0x0000000000000265       0x31 Drivers/Peripheral_drivers/src/SYSCFG_driver.o
 .ARM.attributes
                0x0000000000000296       0x31 Drivers/Peripheral_drivers/src/TIM16_driver.o
 .ARM.attributes
                0x00000000000002c7       0x31 Drivers/Peripheral_drivers/src/TIM17_driver.o
 .ARM.attributes
                0x00000000000002f8       0x31 Src/main.o
 .ARM.attributes
                0x0000000000000329       0x21 Startup/startup_stm32f042c4tx.o
 .ARM.attributes
                0x000000000000034a       0x2c /Applications/STM32CubeIDE.app/Contents/Eclipse/plugins/com.st.stm32cube.ide.mcu.externaltools.gnu-tools-for-stm32.7-2018-q2-update.macos64_1.4.0.202007081208/tools/bin/../lib/gcc/arm-none-eabi/7.3.1/../../../../arm-none-eabi/lib/thumb/v6-m/libc_nano.a(lib_a-init.o)
 .ARM.attributes
                0x0000000000000376       0x2c /Applications/STM32CubeIDE.app/Contents/Eclipse/plugins/com.st.stm32cube.ide.mcu.externaltools.gnu-tools-for-stm32.7-2018-q2-update.macos64_1.4.0.202007081208/tools/bin/../lib/gcc/arm-none-eabi/7.3.1/../../../../arm-none-eabi/lib/thumb/v6-m/libc_nano.a(lib_a-memset.o)
 .ARM.attributes
                0x00000000000003a2       0x1e /Applications/STM32CubeIDE.app/Contents/Eclipse/plugins/com.st.stm32cube.ide.mcu.externaltools.gnu-tools-for-stm32.7-2018-q2-update.macos64_1.4.0.202007081208/tools/bin/../lib/gcc/arm-none-eabi/7.3.1/thumb/v6-m/crtn.o
OUTPUT(Mouse_v3.elf elf32-littlearm)

.debug_info     0x0000000000000000     0x24b2
 .debug_info    0x0000000000000000      0x254 Drivers/Device_drivers/src/DEV_driver.o
 .debug_info    0x0000000000000254      0x290 Drivers/Modul drivers/src/AD8556_driver.o
 .debug_info    0x00000000000004e4      0x24f Drivers/Modul drivers/src/BUTTON_driver.o
 .debug_info    0x0000000000000733      0x21a Drivers/Modul drivers/src/LED_driver.o
 .debug_info    0x000000000000094d      0x2e6 Drivers/Modul drivers/src/OMS_driver.o
 .debug_info    0x0000000000000c33      0x2c3 Drivers/Peripheral_drivers/src/ADC_driver.o
 .debug_info    0x0000000000000ef6      0x23a Drivers/Peripheral_drivers/src/EXTI_driver.o
 .debug_info    0x0000000000001130      0x3d8 Drivers/Peripheral_drivers/src/GPIO_driver.o
 .debug_info    0x0000000000001508      0x183 Drivers/Peripheral_drivers/src/NVIC_driver.o
 .debug_info    0x000000000000168b      0x1a5 Drivers/Peripheral_drivers/src/RCC_driver.o
 .debug_info    0x0000000000001830      0x3f2 Drivers/Peripheral_drivers/src/SPI_driver.o
 .debug_info    0x0000000000001c22      0x2ad Drivers/Peripheral_drivers/src/SYSCFG_driver.o
 .debug_info    0x0000000000001ecf      0x29a Drivers/Peripheral_drivers/src/TIM16_driver.o
 .debug_info    0x0000000000002169      0x2a2 Drivers/Peripheral_drivers/src/TIM17_driver.o
 .debug_info    0x000000000000240b       0x85 Src/main.o
 .debug_info    0x0000000000002490       0x22 Startup/startup_stm32f042c4tx.o

.debug_abbrev   0x0000000000000000      0xd7b
 .debug_abbrev  0x0000000000000000      0x111 Drivers/Device_drivers/src/DEV_driver.o
 .debug_abbrev  0x0000000000000111      0x15c Drivers/Modul drivers/src/AD8556_driver.o
 .debug_abbrev  0x000000000000026d       0xef Drivers/Modul drivers/src/BUTTON_driver.o
 .debug_abbrev  0x000000000000035c       0x96 Drivers/Modul drivers/src/LED_driver.o
 .debug_abbrev  0x00000000000003f2      0x139 Drivers/Modul drivers/src/OMS_driver.o
 .debug_abbrev  0x000000000000052b       0xd7 Drivers/Peripheral_drivers/src/ADC_driver.o
 .debug_abbrev  0x0000000000000602      0x10a Drivers/Peripheral_drivers/src/EXTI_driver.o
 .debug_abbrev  0x000000000000070c       0xf3 Drivers/Peripheral_drivers/src/GPIO_driver.o
 .debug_abbrev  0x00000000000007ff       0xba Drivers/Peripheral_drivers/src/NVIC_driver.o
 .debug_abbrev  0x00000000000008b9       0xb6 Drivers/Peripheral_drivers/src/RCC_driver.o
 .debug_abbrev  0x000000000000096f      0x13d Drivers/Peripheral_drivers/src/SPI_driver.o
 .debug_abbrev  0x0000000000000aac       0xd5 Drivers/Peripheral_drivers/src/SYSCFG_driver.o
 .debug_abbrev  0x0000000000000b81       0xd3 Drivers/Peripheral_drivers/src/TIM16_driver.o
 .debug_abbrev  0x0000000000000c54       0xce Drivers/Peripheral_drivers/src/TIM17_driver.o
 .debug_abbrev  0x0000000000000d22       0x47 Src/main.o
 .debug_abbrev  0x0000000000000d69       0x12 Startup/startup_stm32f042c4tx.o

.debug_aranges  0x0000000000000000      0x3c0
 .debug_aranges
                0x0000000000000000       0x50 Drivers/Device_drivers/src/DEV_driver.o
 .debug_aranges
                0x0000000000000050       0x50 Drivers/Modul drivers/src/AD8556_driver.o
 .debug_aranges
                0x00000000000000a0       0x48 Drivers/Modul drivers/src/BUTTON_driver.o
 .debug_aranges
                0x00000000000000e8       0x30 Drivers/Modul drivers/src/LED_driver.o
 .debug_aranges
                0x0000000000000118       0x40 Drivers/Modul drivers/src/OMS_driver.o
 .debug_aranges
                0x0000000000000158       0x40 Drivers/Peripheral_drivers/src/ADC_driver.o
 .debug_aranges
                0x0000000000000198       0x48 Drivers/Peripheral_drivers/src/EXTI_driver.o
 .debug_aranges
                0x00000000000001e0       0x58 Drivers/Peripheral_drivers/src/GPIO_driver.o
 .debug_aranges
                0x0000000000000238       0x48 Drivers/Peripheral_drivers/src/NVIC_driver.o
 .debug_aranges
                0x0000000000000280       0x28 Drivers/Peripheral_drivers/src/RCC_driver.o
 .debug_aranges
                0x00000000000002a8       0x58 Drivers/Peripheral_drivers/src/SPI_driver.o
 .debug_aranges
                0x0000000000000300       0x28 Drivers/Peripheral_drivers/src/SYSCFG_driver.o
 .debug_aranges
                0x0000000000000328       0x28 Drivers/Peripheral_drivers/src/TIM16_driver.o
 .debug_aranges
                0x0000000000000350       0x28 Drivers/Peripheral_drivers/src/TIM17_driver.o
 .debug_aranges
                0x0000000000000378       0x20 Src/main.o
 .debug_aranges
                0x0000000000000398       0x28 Startup/startup_stm32f042c4tx.o

.debug_ranges   0x0000000000000000      0x2c8
 .debug_ranges  0x0000000000000000       0x40 Drivers/Device_drivers/src/DEV_driver.o
 .debug_ranges  0x0000000000000040       0x40 Drivers/Modul drivers/src/AD8556_driver.o
 .debug_ranges  0x0000000000000080       0x38 Drivers/Modul drivers/src/BUTTON_driver.o
 .debug_ranges  0x00000000000000b8       0x20 Drivers/Modul drivers/src/LED_driver.o
 .debug_ranges  0x00000000000000d8       0x30 Drivers/Modul drivers/src/OMS_driver.o
 .debug_ranges  0x0000000000000108       0x30 Drivers/Peripheral_drivers/src/ADC_driver.o
 .debug_ranges  0x0000000000000138       0x38 Drivers/Peripheral_drivers/src/EXTI_driver.o
 .debug_ranges  0x0000000000000170       0x48 Drivers/Peripheral_drivers/src/GPIO_driver.o
 .debug_ranges  0x00000000000001b8       0x38 Drivers/Peripheral_drivers/src/NVIC_driver.o
 .debug_ranges  0x00000000000001f0       0x18 Drivers/Peripheral_drivers/src/RCC_driver.o
 .debug_ranges  0x0000000000000208       0x48 Drivers/Peripheral_drivers/src/SPI_driver.o
 .debug_ranges  0x0000000000000250       0x18 Drivers/Peripheral_drivers/src/SYSCFG_driver.o
 .debug_ranges  0x0000000000000268       0x18 Drivers/Peripheral_drivers/src/TIM16_driver.o
 .debug_ranges  0x0000000000000280       0x18 Drivers/Peripheral_drivers/src/TIM17_driver.o
 .debug_ranges  0x0000000000000298       0x10 Src/main.o
 .debug_ranges  0x00000000000002a8       0x20 Startup/startup_stm32f042c4tx.o

.debug_macro    0x0000000000000000     0x20f2
 .debug_macro   0x0000000000000000      0x106 Drivers/Device_drivers/src/DEV_driver.o
 .debug_macro   0x0000000000000106      0xa4e Drivers/Device_drivers/src/DEV_driver.o
 .debug_macro   0x0000000000000b54       0x22 Drivers/Device_drivers/src/DEV_driver.o
 .debug_macro   0x0000000000000b76       0x8e Drivers/Device_drivers/src/DEV_driver.o
 .debug_macro   0x0000000000000c04       0x51 Drivers/Device_drivers/src/DEV_driver.o
 .debug_macro   0x0000000000000c55       0xef Drivers/Device_drivers/src/DEV_driver.o
 .debug_macro   0x0000000000000d44       0x6a Drivers/Device_drivers/src/DEV_driver.o
 .debug_macro   0x0000000000000dae      0x1df Drivers/Device_drivers/src/DEV_driver.o
 .debug_macro   0x0000000000000f8d       0x28 Drivers/Device_drivers/src/DEV_driver.o
 .debug_macro   0x0000000000000fb5       0x10 Drivers/Device_drivers/src/DEV_driver.o
 .debug_macro   0x0000000000000fc5       0x52 Drivers/Device_drivers/src/DEV_driver.o
 .debug_macro   0x0000000000001017      0x112 Drivers/Device_drivers/src/DEV_driver.o
 .debug_macro   0x0000000000001129       0x7c Drivers/Device_drivers/src/DEV_driver.o
 .debug_macro   0x00000000000011a5       0x1c Drivers/Device_drivers/src/DEV_driver.o
 .debug_macro   0x00000000000011c1       0x7c Drivers/Device_drivers/src/DEV_driver.o
 .debug_macro   0x000000000000123d       0x64 Drivers/Device_drivers/src/DEV_driver.o
 .debug_macro   0x00000000000012a1       0xd0 Drivers/Device_drivers/src/DEV_driver.o
 .debug_macro   0x0000000000001371       0x28 Drivers/Device_drivers/src/DEV_driver.o
 .debug_macro   0x0000000000001399       0x4c Drivers/Device_drivers/src/DEV_driver.o
 .debug_macro   0x00000000000013e5       0xe2 Drivers/Device_drivers/src/DEV_driver.o
 .debug_macro   0x00000000000014c7       0x10 Drivers/Device_drivers/src/DEV_driver.o
 .debug_macro   0x00000000000014d7       0xa0 Drivers/Modul drivers/src/AD8556_driver.o
 .debug_macro   0x0000000000001577       0x76 Drivers/Modul drivers/src/AD8556_driver.o
 .debug_macro   0x00000000000015ed       0xbf Drivers/Modul drivers/src/BUTTON_driver.o
 .debug_macro   0x00000000000016ac       0x1c Drivers/Modul drivers/src/BUTTON_driver.o
 .debug_macro   0x00000000000016c8       0x3a Drivers/Modul drivers/src/BUTTON_driver.o
 .debug_macro   0x0000000000001702       0x2e Drivers/Modul drivers/src/BUTTON_driver.o
 .debug_macro   0x0000000000001730       0x8d Drivers/Modul drivers/src/LED_driver.o
 .debug_macro   0x00000000000017bd       0x82 Drivers/Modul drivers/src/LED_driver.o
 .debug_macro   0x000000000000183f       0xa0 Drivers/Modul drivers/src/OMS_driver.o
 .debug_macro   0x00000000000018df       0x46 Drivers/Modul drivers/src/OMS_driver.o
 .debug_macro   0x0000000000001925       0x16 Drivers/Modul drivers/src/OMS_driver.o
 .debug_macro   0x000000000000193b       0x7c Drivers/Modul drivers/src/OMS_driver.o
 .debug_macro   0x00000000000019b7       0x9c Drivers/Peripheral_drivers/src/ADC_driver.o
 .debug_macro   0x0000000000001a53      0x10c Drivers/Peripheral_drivers/src/ADC_driver.o
 .debug_macro   0x0000000000001b5f       0x8d Drivers/Peripheral_drivers/src/EXTI_driver.o
 .debug_macro   0x0000000000001bec       0x16 Drivers/Peripheral_drivers/src/EXTI_driver.o
 .debug_macro   0x0000000000001c02       0x84 Drivers/Peripheral_drivers/src/GPIO_driver.o
 .debug_macro   0x0000000000001c86       0xa5 Drivers/Peripheral_drivers/src/NVIC_driver.o
 .debug_macro   0x0000000000001d2b       0x34 Drivers/Peripheral_drivers/src/NVIC_driver.o
 .debug_macro   0x0000000000001d5f       0x7b Drivers/Peripheral_drivers/src/RCC_driver.o
 .debug_macro   0x0000000000001dda       0x8d Drivers/Peripheral_drivers/src/SPI_driver.o
 .debug_macro   0x0000000000001e67       0x8e Drivers/Peripheral_drivers/src/SYSCFG_driver.o
 .debug_macro   0x0000000000001ef5       0x96 Drivers/Peripheral_drivers/src/TIM16_driver.o
 .debug_macro   0x0000000000001f8b       0x22 Drivers/Peripheral_drivers/src/TIM16_driver.o
 .debug_macro   0x0000000000001fad       0x8a Drivers/Peripheral_drivers/src/TIM17_driver.o
 .debug_macro   0x0000000000002037       0x16 Drivers/Peripheral_drivers/src/TIM17_driver.o
 .debug_macro   0x000000000000204d       0xa5 Src/main.o

.debug_line     0x0000000000000000     0x4dae
 .debug_line    0x0000000000000000      0x647 Drivers/Device_drivers/src/DEV_driver.o
 .debug_line    0x0000000000000647      0x57f Drivers/Modul drivers/src/AD8556_driver.o
 .debug_line    0x0000000000000bc6      0x5f2 Drivers/Modul drivers/src/BUTTON_driver.o
 .debug_line    0x00000000000011b8      0x4e4 Drivers/Modul drivers/src/LED_driver.o
 .debug_line    0x000000000000169c      0x5d3 Drivers/Modul drivers/src/OMS_driver.o
 .debug_line    0x0000000000001c6f      0x4e0 Drivers/Peripheral_drivers/src/ADC_driver.o
 .debug_line    0x000000000000214f      0x534 Drivers/Peripheral_drivers/src/EXTI_driver.o
 .debug_line    0x0000000000002683      0x4e4 Drivers/Peripheral_drivers/src/GPIO_driver.o
 .debug_line    0x0000000000002b67      0x50f Drivers/Peripheral_drivers/src/NVIC_driver.o
 .debug_line    0x0000000000003076      0x472 Drivers/Peripheral_drivers/src/RCC_driver.o
 .debug_line    0x00000000000034e8      0x51f Drivers/Peripheral_drivers/src/SPI_driver.o
 .debug_line    0x0000000000003a07      0x493 Drivers/Peripheral_drivers/src/SYSCFG_driver.o
 .debug_line    0x0000000000003e9a      0x4ef Drivers/Peripheral_drivers/src/TIM16_driver.o
 .debug_line    0x0000000000004389      0x482 Drivers/Peripheral_drivers/src/TIM17_driver.o
 .debug_line    0x000000000000480b      0x51f Src/main.o
 .debug_line    0x0000000000004d2a       0x84 Startup/startup_stm32f042c4tx.o

.debug_str      0x0000000000000000     0x5d66
 .debug_str     0x0000000000000000     0x5382 Drivers/Device_drivers/src/DEV_driver.o
                                       0x54fb (size before relaxing)
 .debug_str     0x0000000000005382       0xd4 Drivers/Modul drivers/src/AD8556_driver.o
                                       0x4ad0 (size before relaxing)
 .debug_str     0x0000000000005456      0x21f Drivers/Modul drivers/src/BUTTON_driver.o
                                       0x4c2d (size before relaxing)
 .debug_str     0x0000000000005675       0x82 Drivers/Modul drivers/src/LED_driver.o
                                       0x4663 (size before relaxing)
 .debug_str     0x00000000000056f7       0xc2 Drivers/Modul drivers/src/OMS_driver.o
                                       0x4a28 (size before relaxing)
 .debug_str     0x00000000000057b9       0xc7 Drivers/Peripheral_drivers/src/ADC_driver.o
                                       0x4974 (size before relaxing)
 .debug_str     0x0000000000005880       0xd7 Drivers/Peripheral_drivers/src/EXTI_driver.o
                                       0x4524 (size before relaxing)
 .debug_str     0x0000000000005957       0xc4 Drivers/Peripheral_drivers/src/GPIO_driver.o
                                       0x46e1 (size before relaxing)
 .debug_str     0x0000000000005a1b       0xa2 Drivers/Peripheral_drivers/src/NVIC_driver.o
                                       0x4808 (size before relaxing)
 .debug_str     0x0000000000005abd       0x50 Drivers/Peripheral_drivers/src/RCC_driver.o
                                       0x4410 (size before relaxing)
 .debug_str     0x0000000000005b0d       0xa0 Drivers/Peripheral_drivers/src/SPI_driver.o
                                       0x47ec (size before relaxing)
 .debug_str     0x0000000000005bad       0x73 Drivers/Peripheral_drivers/src/SYSCFG_driver.o
                                       0x46dc (size before relaxing)
 .debug_str     0x0000000000005c20       0x8a Drivers/Peripheral_drivers/src/TIM16_driver.o
                                       0x46c2 (size before relaxing)
 .debug_str     0x0000000000005caa       0x78 Drivers/Peripheral_drivers/src/TIM17_driver.o
                                       0x44dc (size before relaxing)
 .debug_str     0x0000000000005d22       0x13 Src/main.o
                                       0x48e6 (size before relaxing)
 .debug_str     0x0000000000005d35       0x31 Startup/startup_stm32f042c4tx.o
                                         0x70 (size before relaxing)

.comment        0x0000000000000000       0x7b
 .comment       0x0000000000000000       0x7b Drivers/Device_drivers/src/DEV_driver.o
                                         0x7c (size before relaxing)
 .comment       0x000000000000007b       0x7c Drivers/Modul drivers/src/AD8556_driver.o
 .comment       0x000000000000007b       0x7c Drivers/Modul drivers/src/BUTTON_driver.o
 .comment       0x000000000000007b       0x7c Drivers/Modul drivers/src/LED_driver.o
 .comment       0x000000000000007b       0x7c Drivers/Modul drivers/src/OMS_driver.o
 .comment       0x000000000000007b       0x7c Drivers/Peripheral_drivers/src/ADC_driver.o
 .comment       0x000000000000007b       0x7c Drivers/Peripheral_drivers/src/EXTI_driver.o
 .comment       0x000000000000007b       0x7c Drivers/Peripheral_drivers/src/GPIO_driver.o
 .comment       0x000000000000007b       0x7c Drivers/Peripheral_drivers/src/NVIC_driver.o
 .comment       0x000000000000007b       0x7c Drivers/Peripheral_drivers/src/RCC_driver.o
 .comment       0x000000000000007b       0x7c Drivers/Peripheral_drivers/src/SPI_driver.o
 .comment       0x000000000000007b       0x7c Drivers/Peripheral_drivers/src/SYSCFG_driver.o
 .comment       0x000000000000007b       0x7c Drivers/Peripheral_drivers/src/TIM16_driver.o
 .comment       0x000000000000007b       0x7c Drivers/Peripheral_drivers/src/TIM17_driver.o
 .comment       0x000000000000007b       0x7c Src/main.o

.debug_frame    0x0000000000000000      0x990
 .debug_frame   0x0000000000000000       0xdc Drivers/Device_drivers/src/DEV_driver.o
 .debug_frame   0x00000000000000dc       0xe0 Drivers/Modul drivers/src/AD8556_driver.o
 .debug_frame   0x00000000000001bc       0xcc Drivers/Modul drivers/src/BUTTON_driver.o
 .debug_frame   0x0000000000000288       0x64 Drivers/Modul drivers/src/LED_driver.o
 .debug_frame   0x00000000000002ec       0xb0 Drivers/Modul drivers/src/OMS_driver.o
 .debug_frame   0x000000000000039c       0x9c Drivers/Peripheral_drivers/src/ADC_driver.o
 .debug_frame   0x0000000000000438       0xd0 Drivers/Peripheral_drivers/src/EXTI_driver.o
 .debug_frame   0x0000000000000508      0x10c Drivers/Peripheral_drivers/src/GPIO_driver.o
 .debug_frame   0x0000000000000614       0xc4 Drivers/Peripheral_drivers/src/NVIC_driver.o
 .debug_frame   0x00000000000006d8       0x4c Drivers/Peripheral_drivers/src/RCC_driver.o
 .debug_frame   0x0000000000000724      0x110 Drivers/Peripheral_drivers/src/SPI_driver.o
 .debug_frame   0x0000000000000834       0x4c Drivers/Peripheral_drivers/src/SYSCFG_driver.o
 .debug_frame   0x0000000000000880       0x4c Drivers/Peripheral_drivers/src/TIM16_driver.o
 .debug_frame   0x00000000000008cc       0x4c Drivers/Peripheral_drivers/src/TIM17_driver.o
 .debug_frame   0x0000000000000918       0x2c Src/main.o
 .debug_frame   0x0000000000000944       0x2c /Applications/STM32CubeIDE.app/Contents/Eclipse/plugins/com.st.stm32cube.ide.mcu.externaltools.gnu-tools-for-stm32.7-2018-q2-update.macos64_1.4.0.202007081208/tools/bin/../lib/gcc/arm-none-eabi/7.3.1/../../../../arm-none-eabi/lib/thumb/v6-m/libc_nano.a(lib_a-init.o)
 .debug_frame   0x0000000000000970       0x20 /Applications/STM32CubeIDE.app/Contents/Eclipse/plugins/com.st.stm32cube.ide.mcu.externaltools.gnu-tools-for-stm32.7-2018-q2-update.macos64_1.4.0.202007081208/tools/bin/../lib/gcc/arm-none-eabi/7.3.1/../../../../arm-none-eabi/lib/thumb/v6-m/libc_nano.a(lib_a-memset.o)
