Archive member included to satisfy reference by file (symbol)

/Applications/STM32CubeIDE.app/Contents/Eclipse/plugins/com.st.stm32cube.ide.mcu.externaltools.gnu-tools-for-stm32.7-2018-q2-update.macos64_1.4.0.202007081208/tools/bin/../lib/gcc/arm-none-eabi/7.3.1/../../../../arm-none-eabi/lib/thumb/v6-m/libc_nano.a(lib_a-errno.o)
                              Src/syscalls.o (__errno)
/Applications/STM32CubeIDE.app/Contents/Eclipse/plugins/com.st.stm32cube.ide.mcu.externaltools.gnu-tools-for-stm32.7-2018-q2-update.macos64_1.4.0.202007081208/tools/bin/../lib/gcc/arm-none-eabi/7.3.1/../../../../arm-none-eabi/lib/thumb/v6-m/libc_nano.a(lib_a-exit.o)
                              /Applications/STM32CubeIDE.app/Contents/Eclipse/plugins/com.st.stm32cube.ide.mcu.externaltools.gnu-tools-for-stm32.7-2018-q2-update.macos64_1.4.0.202007081208/tools/bin/../lib/gcc/arm-none-eabi/7.3.1/../../../../arm-none-eabi/lib/thumb/v6-m/crt0.o (exit)
/Applications/STM32CubeIDE.app/Contents/Eclipse/plugins/com.st.stm32cube.ide.mcu.externaltools.gnu-tools-for-stm32.7-2018-q2-update.macos64_1.4.0.202007081208/tools/bin/../lib/gcc/arm-none-eabi/7.3.1/../../../../arm-none-eabi/lib/thumb/v6-m/libc_nano.a(lib_a-impure.o)
                              /Applications/STM32CubeIDE.app/Contents/Eclipse/plugins/com.st.stm32cube.ide.mcu.externaltools.gnu-tools-for-stm32.7-2018-q2-update.macos64_1.4.0.202007081208/tools/bin/../lib/gcc/arm-none-eabi/7.3.1/../../../../arm-none-eabi/lib/thumb/v6-m/libc_nano.a(lib_a-exit.o) (_global_impure_ptr)
/Applications/STM32CubeIDE.app/Contents/Eclipse/plugins/com.st.stm32cube.ide.mcu.externaltools.gnu-tools-for-stm32.7-2018-q2-update.macos64_1.4.0.202007081208/tools/bin/../lib/gcc/arm-none-eabi/7.3.1/../../../../arm-none-eabi/lib/thumb/v6-m/libc_nano.a(lib_a-init.o)
                              /Applications/STM32CubeIDE.app/Contents/Eclipse/plugins/com.st.stm32cube.ide.mcu.externaltools.gnu-tools-for-stm32.7-2018-q2-update.macos64_1.4.0.202007081208/tools/bin/../lib/gcc/arm-none-eabi/7.3.1/../../../../arm-none-eabi/lib/thumb/v6-m/crt0.o (__libc_init_array)
/Applications/STM32CubeIDE.app/Contents/Eclipse/plugins/com.st.stm32cube.ide.mcu.externaltools.gnu-tools-for-stm32.7-2018-q2-update.macos64_1.4.0.202007081208/tools/bin/../lib/gcc/arm-none-eabi/7.3.1/../../../../arm-none-eabi/lib/thumb/v6-m/libc_nano.a(lib_a-memset.o)
                              /Applications/STM32CubeIDE.app/Contents/Eclipse/plugins/com.st.stm32cube.ide.mcu.externaltools.gnu-tools-for-stm32.7-2018-q2-update.macos64_1.4.0.202007081208/tools/bin/../lib/gcc/arm-none-eabi/7.3.1/../../../../arm-none-eabi/lib/thumb/v6-m/crt0.o (memset)

Discarded input sections

 .text          0x0000000000000000        0x0 /Applications/STM32CubeIDE.app/Contents/Eclipse/plugins/com.st.stm32cube.ide.mcu.externaltools.gnu-tools-for-stm32.7-2018-q2-update.macos64_1.4.0.202007081208/tools/bin/../lib/gcc/arm-none-eabi/7.3.1/thumb/v6-m/crti.o
 .data          0x0000000000000000        0x0 /Applications/STM32CubeIDE.app/Contents/Eclipse/plugins/com.st.stm32cube.ide.mcu.externaltools.gnu-tools-for-stm32.7-2018-q2-update.macos64_1.4.0.202007081208/tools/bin/../lib/gcc/arm-none-eabi/7.3.1/thumb/v6-m/crti.o
 .bss           0x0000000000000000        0x0 /Applications/STM32CubeIDE.app/Contents/Eclipse/plugins/com.st.stm32cube.ide.mcu.externaltools.gnu-tools-for-stm32.7-2018-q2-update.macos64_1.4.0.202007081208/tools/bin/../lib/gcc/arm-none-eabi/7.3.1/thumb/v6-m/crti.o
 .data          0x0000000000000000        0x4 /Applications/STM32CubeIDE.app/Contents/Eclipse/plugins/com.st.stm32cube.ide.mcu.externaltools.gnu-tools-for-stm32.7-2018-q2-update.macos64_1.4.0.202007081208/tools/bin/../lib/gcc/arm-none-eabi/7.3.1/thumb/v6-m/crtbegin.o
 .text          0x0000000000000000       0x78 /Applications/STM32CubeIDE.app/Contents/Eclipse/plugins/com.st.stm32cube.ide.mcu.externaltools.gnu-tools-for-stm32.7-2018-q2-update.macos64_1.4.0.202007081208/tools/bin/../lib/gcc/arm-none-eabi/7.3.1/../../../../arm-none-eabi/lib/thumb/v6-m/crt0.o
 .data          0x0000000000000000        0x0 /Applications/STM32CubeIDE.app/Contents/Eclipse/plugins/com.st.stm32cube.ide.mcu.externaltools.gnu-tools-for-stm32.7-2018-q2-update.macos64_1.4.0.202007081208/tools/bin/../lib/gcc/arm-none-eabi/7.3.1/../../../../arm-none-eabi/lib/thumb/v6-m/crt0.o
 .bss           0x0000000000000000        0x0 /Applications/STM32CubeIDE.app/Contents/Eclipse/plugins/com.st.stm32cube.ide.mcu.externaltools.gnu-tools-for-stm32.7-2018-q2-update.macos64_1.4.0.202007081208/tools/bin/../lib/gcc/arm-none-eabi/7.3.1/../../../../arm-none-eabi/lib/thumb/v6-m/crt0.o
 .ARM.extab     0x0000000000000000        0x0 /Applications/STM32CubeIDE.app/Contents/Eclipse/plugins/com.st.stm32cube.ide.mcu.externaltools.gnu-tools-for-stm32.7-2018-q2-update.macos64_1.4.0.202007081208/tools/bin/../lib/gcc/arm-none-eabi/7.3.1/../../../../arm-none-eabi/lib/thumb/v6-m/crt0.o
 .ARM.exidx     0x0000000000000000        0x8 /Applications/STM32CubeIDE.app/Contents/Eclipse/plugins/com.st.stm32cube.ide.mcu.externaltools.gnu-tools-for-stm32.7-2018-q2-update.macos64_1.4.0.202007081208/tools/bin/../lib/gcc/arm-none-eabi/7.3.1/../../../../arm-none-eabi/lib/thumb/v6-m/crt0.o
 .ARM.attributes
                0x0000000000000000       0x1b /Applications/STM32CubeIDE.app/Contents/Eclipse/plugins/com.st.stm32cube.ide.mcu.externaltools.gnu-tools-for-stm32.7-2018-q2-update.macos64_1.4.0.202007081208/tools/bin/../lib/gcc/arm-none-eabi/7.3.1/../../../../arm-none-eabi/lib/thumb/v6-m/crt0.o
 .text          0x0000000000000000        0x0 Drivers/DEV_driver.o
 .data          0x0000000000000000        0x0 Drivers/DEV_driver.o
 .bss           0x0000000000000000        0x0 Drivers/DEV_driver.o
 .text          0x0000000000000000        0x0 Drivers/Modul drivers/AD8556_driver.o
 .data          0x0000000000000000        0x0 Drivers/Modul drivers/AD8556_driver.o
 .bss           0x0000000000000000        0x0 Drivers/Modul drivers/AD8556_driver.o
 .text          0x0000000000000000        0x0 Drivers/Modul drivers/BUTTON_driver.o
 .data          0x0000000000000000        0x0 Drivers/Modul drivers/BUTTON_driver.o
 .bss           0x0000000000000000        0x0 Drivers/Modul drivers/BUTTON_driver.o
 .text.initButtonPin
                0x0000000000000000       0x40 Drivers/Modul drivers/BUTTON_driver.o
 .text.BUTTON_init
                0x0000000000000000       0x38 Drivers/Modul drivers/BUTTON_driver.o
 .text          0x0000000000000000        0x0 Drivers/Modul drivers/INAMP_driver.o
 .data          0x0000000000000000        0x0 Drivers/Modul drivers/INAMP_driver.o
 .bss           0x0000000000000000        0x0 Drivers/Modul drivers/INAMP_driver.o
 .text.INAMP_init
                0x0000000000000000        0x2 Drivers/Modul drivers/INAMP_driver.o
 .comment       0x0000000000000000       0x7c Drivers/Modul drivers/INAMP_driver.o
 .ARM.attributes
                0x0000000000000000       0x31 Drivers/Modul drivers/INAMP_driver.o
 .text          0x0000000000000000        0x0 Drivers/Modul drivers/LED_driver.o
 .data          0x0000000000000000        0x0 Drivers/Modul drivers/LED_driver.o
 .bss           0x0000000000000000        0x0 Drivers/Modul drivers/LED_driver.o
 .text          0x0000000000000000        0x0 Drivers/Modul drivers/OMS_driver.o
 .data          0x0000000000000000        0x0 Drivers/Modul drivers/OMS_driver.o
 .bss           0x0000000000000000        0x0 Drivers/Modul drivers/OMS_driver.o
 .text.OMS_init
                0x0000000000000000        0x2 Drivers/Modul drivers/OMS_driver.o
 .comment       0x0000000000000000       0x7c Drivers/Modul drivers/OMS_driver.o
 .ARM.attributes
                0x0000000000000000       0x31 Drivers/Modul drivers/OMS_driver.o
 .text          0x0000000000000000        0x0 Drivers/Peripheral_drivers/ADC_driver.o
 .data          0x0000000000000000        0x0 Drivers/Peripheral_drivers/ADC_driver.o
 .bss           0x0000000000000000        0x0 Drivers/Peripheral_drivers/ADC_driver.o
 .text          0x0000000000000000        0x0 Drivers/Peripheral_drivers/EXTI_driver.o
 .data          0x0000000000000000        0x0 Drivers/Peripheral_drivers/EXTI_driver.o
 .bss           0x0000000000000000        0x0 Drivers/Peripheral_drivers/EXTI_driver.o
 .text.EXTI_setInterrupt
                0x0000000000000000       0x1c Drivers/Peripheral_drivers/EXTI_driver.o
 .text.EXTI_setRisingEdge
                0x0000000000000000       0x1c Drivers/Peripheral_drivers/EXTI_driver.o
 .text.EXTI_setFallingEdge
                0x0000000000000000       0x1c Drivers/Peripheral_drivers/EXTI_driver.o
 .text.EXTI_resetPendingBit
                0x0000000000000000       0x10 Drivers/Peripheral_drivers/EXTI_driver.o
 .text.EXTI_getPendingBit
                0x0000000000000000       0x14 Drivers/Peripheral_drivers/EXTI_driver.o
 .text          0x0000000000000000        0x0 Drivers/Peripheral_drivers/GPIO_driver.o
 .data          0x0000000000000000        0x0 Drivers/Peripheral_drivers/GPIO_driver.o
 .bss           0x0000000000000000        0x0 Drivers/Peripheral_drivers/GPIO_driver.o
 .text.GPIO_setALTFUNC
                0x0000000000000000       0x1c Drivers/Peripheral_drivers/GPIO_driver.o
 .text          0x0000000000000000        0x0 Drivers/Peripheral_drivers/NVIC_driver.o
 .data          0x0000000000000000        0x0 Drivers/Peripheral_drivers/NVIC_driver.o
 .bss           0x0000000000000000        0x0 Drivers/Peripheral_drivers/NVIC_driver.o
 .text.NVIC_setTIM16Line
                0x0000000000000000       0x1c Drivers/Peripheral_drivers/NVIC_driver.o
 .text.NVIC_setEXTILine
                0x0000000000000000       0x2c Drivers/Peripheral_drivers/NVIC_driver.o
 .rodata.CSWTCH.3
                0x0000000000000000       0x20 Drivers/Peripheral_drivers/NVIC_driver.o
 .text          0x0000000000000000        0x0 Drivers/Peripheral_drivers/RCC_driver.o
 .data          0x0000000000000000        0x0 Drivers/Peripheral_drivers/RCC_driver.o
 .bss           0x0000000000000000        0x0 Drivers/Peripheral_drivers/RCC_driver.o
 .text          0x0000000000000000        0x0 Drivers/Peripheral_drivers/SPI_driver.o
 .data          0x0000000000000000        0x0 Drivers/Peripheral_drivers/SPI_driver.o
 .bss           0x0000000000000000        0x0 Drivers/Peripheral_drivers/SPI_driver.o
 .text.SPI_init
                0x0000000000000000       0x50 Drivers/Peripheral_drivers/SPI_driver.o
 .comment       0x0000000000000000       0x7c Drivers/Peripheral_drivers/SPI_driver.o
 .ARM.attributes
                0x0000000000000000       0x31 Drivers/Peripheral_drivers/SPI_driver.o
 .text          0x0000000000000000        0x0 Drivers/Peripheral_drivers/SYSCFG_driver.o
 .data          0x0000000000000000        0x0 Drivers/Peripheral_drivers/SYSCFG_driver.o
 .bss           0x0000000000000000        0x0 Drivers/Peripheral_drivers/SYSCFG_driver.o
 .text.SYSCFG_setEXTIConfig
                0x0000000000000000       0x34 Drivers/Peripheral_drivers/SYSCFG_driver.o
 .comment       0x0000000000000000       0x7c Drivers/Peripheral_drivers/SYSCFG_driver.o
 .ARM.attributes
                0x0000000000000000       0x31 Drivers/Peripheral_drivers/SYSCFG_driver.o
 .text          0x0000000000000000        0x0 Drivers/Peripheral_drivers/TIM16_driver.o
 .data          0x0000000000000000        0x0 Drivers/Peripheral_drivers/TIM16_driver.o
 .bss           0x0000000000000000        0x0 Drivers/Peripheral_drivers/TIM16_driver.o
 .text.TIM16_init
                0x0000000000000000       0x24 Drivers/Peripheral_drivers/TIM16_driver.o
 .text          0x0000000000000000        0x0 Drivers/Peripheral_drivers/TIM17_driver.o
 .data          0x0000000000000000        0x0 Drivers/Peripheral_drivers/TIM17_driver.o
 .bss           0x0000000000000000        0x0 Drivers/Peripheral_drivers/TIM17_driver.o
 .text          0x0000000000000000        0x0 Drivers/Peripheral_drivers/USB_driver.o
 .data          0x0000000000000000        0x0 Drivers/Peripheral_drivers/USB_driver.o
 .bss           0x0000000000000000        0x0 Drivers/Peripheral_drivers/USB_driver.o
 .text.USB_init
                0x0000000000000000        0x2 Drivers/Peripheral_drivers/USB_driver.o
 .comment       0x0000000000000000       0x7c Drivers/Peripheral_drivers/USB_driver.o
 .ARM.attributes
                0x0000000000000000       0x31 Drivers/Peripheral_drivers/USB_driver.o
 .text          0x0000000000000000        0x0 Src/main.o
 .data          0x0000000000000000        0x0 Src/main.o
 .bss           0x0000000000000000        0x0 Src/main.o
 .text          0x0000000000000000        0x0 Src/syscalls.o
 .data          0x0000000000000000        0x0 Src/syscalls.o
 .bss           0x0000000000000000        0x0 Src/syscalls.o
 .text.initialise_monitor_handles
                0x0000000000000000        0x2 Src/syscalls.o
 .text._getpid  0x0000000000000000        0x4 Src/syscalls.o
 .text._kill    0x0000000000000000       0x10 Src/syscalls.o
 .text._exit    0x0000000000000000        0xc Src/syscalls.o
 .text._read    0x0000000000000000       0x1c Src/syscalls.o
 .text._write   0x0000000000000000       0x1c Src/syscalls.o
 .text._close   0x0000000000000000        0x6 Src/syscalls.o
 .text._fstat   0x0000000000000000        0xa Src/syscalls.o
 .text._isatty  0x0000000000000000        0x4 Src/syscalls.o
 .text._lseek   0x0000000000000000        0x4 Src/syscalls.o
 .text._open    0x0000000000000000        0xa Src/syscalls.o
 .text._wait    0x0000000000000000       0x10 Src/syscalls.o
 .text._unlink  0x0000000000000000       0x10 Src/syscalls.o
 .text._times   0x0000000000000000        0x6 Src/syscalls.o
 .text._stat    0x0000000000000000        0xa Src/syscalls.o
 .text._link    0x0000000000000000       0x10 Src/syscalls.o
 .text._fork    0x0000000000000000       0x10 Src/syscalls.o
 .text._execve  0x0000000000000000       0x10 Src/syscalls.o
 .bss.__env     0x0000000000000000        0x4 Src/syscalls.o
 .data.environ  0x0000000000000000        0x4 Src/syscalls.o
 .comment       0x0000000000000000       0x7c Src/syscalls.o
 .ARM.attributes
                0x0000000000000000       0x31 Src/syscalls.o
 .text          0x0000000000000000        0x0 Src/sysmem.o
 .data          0x0000000000000000        0x0 Src/sysmem.o
 .bss           0x0000000000000000        0x0 Src/sysmem.o
 .text._sbrk    0x0000000000000000       0x40 Src/sysmem.o
 .bss.__sbrk_heap_end
                0x0000000000000000        0x4 Src/sysmem.o
 .comment       0x0000000000000000       0x7c Src/sysmem.o
 .ARM.attributes
                0x0000000000000000       0x31 Src/sysmem.o
 .text          0x0000000000000000       0x14 Startup/startup_stm32f042c4tx.o
 .data          0x0000000000000000        0x0 Startup/startup_stm32f042c4tx.o
 .bss           0x0000000000000000        0x0 Startup/startup_stm32f042c4tx.o
 .text          0x0000000000000000        0x0 /Applications/STM32CubeIDE.app/Contents/Eclipse/plugins/com.st.stm32cube.ide.mcu.externaltools.gnu-tools-for-stm32.7-2018-q2-update.macos64_1.4.0.202007081208/tools/bin/../lib/gcc/arm-none-eabi/7.3.1/../../../../arm-none-eabi/lib/thumb/v6-m/libc_nano.a(lib_a-errno.o)
 .data          0x0000000000000000        0x0 /Applications/STM32CubeIDE.app/Contents/Eclipse/plugins/com.st.stm32cube.ide.mcu.externaltools.gnu-tools-for-stm32.7-2018-q2-update.macos64_1.4.0.202007081208/tools/bin/../lib/gcc/arm-none-eabi/7.3.1/../../../../arm-none-eabi/lib/thumb/v6-m/libc_nano.a(lib_a-errno.o)
 .bss           0x0000000000000000        0x0 /Applications/STM32CubeIDE.app/Contents/Eclipse/plugins/com.st.stm32cube.ide.mcu.externaltools.gnu-tools-for-stm32.7-2018-q2-update.macos64_1.4.0.202007081208/tools/bin/../lib/gcc/arm-none-eabi/7.3.1/../../../../arm-none-eabi/lib/thumb/v6-m/libc_nano.a(lib_a-errno.o)
 .text.__errno  0x0000000000000000        0xc /Applications/STM32CubeIDE.app/Contents/Eclipse/plugins/com.st.stm32cube.ide.mcu.externaltools.gnu-tools-for-stm32.7-2018-q2-update.macos64_1.4.0.202007081208/tools/bin/../lib/gcc/arm-none-eabi/7.3.1/../../../../arm-none-eabi/lib/thumb/v6-m/libc_nano.a(lib_a-errno.o)
 .debug_frame   0x0000000000000000       0x20 /Applications/STM32CubeIDE.app/Contents/Eclipse/plugins/com.st.stm32cube.ide.mcu.externaltools.gnu-tools-for-stm32.7-2018-q2-update.macos64_1.4.0.202007081208/tools/bin/../lib/gcc/arm-none-eabi/7.3.1/../../../../arm-none-eabi/lib/thumb/v6-m/libc_nano.a(lib_a-errno.o)
 .ARM.attributes
                0x0000000000000000       0x2c /Applications/STM32CubeIDE.app/Contents/Eclipse/plugins/com.st.stm32cube.ide.mcu.externaltools.gnu-tools-for-stm32.7-2018-q2-update.macos64_1.4.0.202007081208/tools/bin/../lib/gcc/arm-none-eabi/7.3.1/../../../../arm-none-eabi/lib/thumb/v6-m/libc_nano.a(lib_a-errno.o)
 .text          0x0000000000000000        0x0 /Applications/STM32CubeIDE.app/Contents/Eclipse/plugins/com.st.stm32cube.ide.mcu.externaltools.gnu-tools-for-stm32.7-2018-q2-update.macos64_1.4.0.202007081208/tools/bin/../lib/gcc/arm-none-eabi/7.3.1/../../../../arm-none-eabi/lib/thumb/v6-m/libc_nano.a(lib_a-exit.o)
 .data          0x0000000000000000        0x0 /Applications/STM32CubeIDE.app/Contents/Eclipse/plugins/com.st.stm32cube.ide.mcu.externaltools.gnu-tools-for-stm32.7-2018-q2-update.macos64_1.4.0.202007081208/tools/bin/../lib/gcc/arm-none-eabi/7.3.1/../../../../arm-none-eabi/lib/thumb/v6-m/libc_nano.a(lib_a-exit.o)
 .bss           0x0000000000000000        0x0 /Applications/STM32CubeIDE.app/Contents/Eclipse/plugins/com.st.stm32cube.ide.mcu.externaltools.gnu-tools-for-stm32.7-2018-q2-update.macos64_1.4.0.202007081208/tools/bin/../lib/gcc/arm-none-eabi/7.3.1/../../../../arm-none-eabi/lib/thumb/v6-m/libc_nano.a(lib_a-exit.o)
 .text.exit     0x0000000000000000       0x2c /Applications/STM32CubeIDE.app/Contents/Eclipse/plugins/com.st.stm32cube.ide.mcu.externaltools.gnu-tools-for-stm32.7-2018-q2-update.macos64_1.4.0.202007081208/tools/bin/../lib/gcc/arm-none-eabi/7.3.1/../../../../arm-none-eabi/lib/thumb/v6-m/libc_nano.a(lib_a-exit.o)
 .debug_frame   0x0000000000000000       0x28 /Applications/STM32CubeIDE.app/Contents/Eclipse/plugins/com.st.stm32cube.ide.mcu.externaltools.gnu-tools-for-stm32.7-2018-q2-update.macos64_1.4.0.202007081208/tools/bin/../lib/gcc/arm-none-eabi/7.3.1/../../../../arm-none-eabi/lib/thumb/v6-m/libc_nano.a(lib_a-exit.o)
 .ARM.attributes
                0x0000000000000000       0x2c /Applications/STM32CubeIDE.app/Contents/Eclipse/plugins/com.st.stm32cube.ide.mcu.externaltools.gnu-tools-for-stm32.7-2018-q2-update.macos64_1.4.0.202007081208/tools/bin/../lib/gcc/arm-none-eabi/7.3.1/../../../../arm-none-eabi/lib/thumb/v6-m/libc_nano.a(lib_a-exit.o)
 .text          0x0000000000000000        0x0 /Applications/STM32CubeIDE.app/Contents/Eclipse/plugins/com.st.stm32cube.ide.mcu.externaltools.gnu-tools-for-stm32.7-2018-q2-update.macos64_1.4.0.202007081208/tools/bin/../lib/gcc/arm-none-eabi/7.3.1/../../../../arm-none-eabi/lib/thumb/v6-m/libc_nano.a(lib_a-impure.o)
 .data          0x0000000000000000        0x0 /Applications/STM32CubeIDE.app/Contents/Eclipse/plugins/com.st.stm32cube.ide.mcu.externaltools.gnu-tools-for-stm32.7-2018-q2-update.macos64_1.4.0.202007081208/tools/bin/../lib/gcc/arm-none-eabi/7.3.1/../../../../arm-none-eabi/lib/thumb/v6-m/libc_nano.a(lib_a-impure.o)
 .bss           0x0000000000000000        0x0 /Applications/STM32CubeIDE.app/Contents/Eclipse/plugins/com.st.stm32cube.ide.mcu.externaltools.gnu-tools-for-stm32.7-2018-q2-update.macos64_1.4.0.202007081208/tools/bin/../lib/gcc/arm-none-eabi/7.3.1/../../../../arm-none-eabi/lib/thumb/v6-m/libc_nano.a(lib_a-impure.o)
 .data._impure_ptr
                0x0000000000000000        0x4 /Applications/STM32CubeIDE.app/Contents/Eclipse/plugins/com.st.stm32cube.ide.mcu.externaltools.gnu-tools-for-stm32.7-2018-q2-update.macos64_1.4.0.202007081208/tools/bin/../lib/gcc/arm-none-eabi/7.3.1/../../../../arm-none-eabi/lib/thumb/v6-m/libc_nano.a(lib_a-impure.o)
 .data.impure_data
                0x0000000000000000       0x60 /Applications/STM32CubeIDE.app/Contents/Eclipse/plugins/com.st.stm32cube.ide.mcu.externaltools.gnu-tools-for-stm32.7-2018-q2-update.macos64_1.4.0.202007081208/tools/bin/../lib/gcc/arm-none-eabi/7.3.1/../../../../arm-none-eabi/lib/thumb/v6-m/libc_nano.a(lib_a-impure.o)
 .rodata._global_impure_ptr
                0x0000000000000000        0x4 /Applications/STM32CubeIDE.app/Contents/Eclipse/plugins/com.st.stm32cube.ide.mcu.externaltools.gnu-tools-for-stm32.7-2018-q2-update.macos64_1.4.0.202007081208/tools/bin/../lib/gcc/arm-none-eabi/7.3.1/../../../../arm-none-eabi/lib/thumb/v6-m/libc_nano.a(lib_a-impure.o)
 .ARM.attributes
                0x0000000000000000       0x2c /Applications/STM32CubeIDE.app/Contents/Eclipse/plugins/com.st.stm32cube.ide.mcu.externaltools.gnu-tools-for-stm32.7-2018-q2-update.macos64_1.4.0.202007081208/tools/bin/../lib/gcc/arm-none-eabi/7.3.1/../../../../arm-none-eabi/lib/thumb/v6-m/libc_nano.a(lib_a-impure.o)
 .text          0x0000000000000000        0x0 /Applications/STM32CubeIDE.app/Contents/Eclipse/plugins/com.st.stm32cube.ide.mcu.externaltools.gnu-tools-for-stm32.7-2018-q2-update.macos64_1.4.0.202007081208/tools/bin/../lib/gcc/arm-none-eabi/7.3.1/../../../../arm-none-eabi/lib/thumb/v6-m/libc_nano.a(lib_a-init.o)
 .data          0x0000000000000000        0x0 /Applications/STM32CubeIDE.app/Contents/Eclipse/plugins/com.st.stm32cube.ide.mcu.externaltools.gnu-tools-for-stm32.7-2018-q2-update.macos64_1.4.0.202007081208/tools/bin/../lib/gcc/arm-none-eabi/7.3.1/../../../../arm-none-eabi/lib/thumb/v6-m/libc_nano.a(lib_a-init.o)
 .bss           0x0000000000000000        0x0 /Applications/STM32CubeIDE.app/Contents/Eclipse/plugins/com.st.stm32cube.ide.mcu.externaltools.gnu-tools-for-stm32.7-2018-q2-update.macos64_1.4.0.202007081208/tools/bin/../lib/gcc/arm-none-eabi/7.3.1/../../../../arm-none-eabi/lib/thumb/v6-m/libc_nano.a(lib_a-init.o)
 .text          0x0000000000000000        0x0 /Applications/STM32CubeIDE.app/Contents/Eclipse/plugins/com.st.stm32cube.ide.mcu.externaltools.gnu-tools-for-stm32.7-2018-q2-update.macos64_1.4.0.202007081208/tools/bin/../lib/gcc/arm-none-eabi/7.3.1/../../../../arm-none-eabi/lib/thumb/v6-m/libc_nano.a(lib_a-memset.o)
 .data          0x0000000000000000        0x0 /Applications/STM32CubeIDE.app/Contents/Eclipse/plugins/com.st.stm32cube.ide.mcu.externaltools.gnu-tools-for-stm32.7-2018-q2-update.macos64_1.4.0.202007081208/tools/bin/../lib/gcc/arm-none-eabi/7.3.1/../../../../arm-none-eabi/lib/thumb/v6-m/libc_nano.a(lib_a-memset.o)
 .bss           0x0000000000000000        0x0 /Applications/STM32CubeIDE.app/Contents/Eclipse/plugins/com.st.stm32cube.ide.mcu.externaltools.gnu-tools-for-stm32.7-2018-q2-update.macos64_1.4.0.202007081208/tools/bin/../lib/gcc/arm-none-eabi/7.3.1/../../../../arm-none-eabi/lib/thumb/v6-m/libc_nano.a(lib_a-memset.o)
 .text.memset   0x0000000000000000       0x10 /Applications/STM32CubeIDE.app/Contents/Eclipse/plugins/com.st.stm32cube.ide.mcu.externaltools.gnu-tools-for-stm32.7-2018-q2-update.macos64_1.4.0.202007081208/tools/bin/../lib/gcc/arm-none-eabi/7.3.1/../../../../arm-none-eabi/lib/thumb/v6-m/libc_nano.a(lib_a-memset.o)
 .debug_frame   0x0000000000000000       0x20 /Applications/STM32CubeIDE.app/Contents/Eclipse/plugins/com.st.stm32cube.ide.mcu.externaltools.gnu-tools-for-stm32.7-2018-q2-update.macos64_1.4.0.202007081208/tools/bin/../lib/gcc/arm-none-eabi/7.3.1/../../../../arm-none-eabi/lib/thumb/v6-m/libc_nano.a(lib_a-memset.o)
 .ARM.attributes
                0x0000000000000000       0x2c /Applications/STM32CubeIDE.app/Contents/Eclipse/plugins/com.st.stm32cube.ide.mcu.externaltools.gnu-tools-for-stm32.7-2018-q2-update.macos64_1.4.0.202007081208/tools/bin/../lib/gcc/arm-none-eabi/7.3.1/../../../../arm-none-eabi/lib/thumb/v6-m/libc_nano.a(lib_a-memset.o)
 .text          0x0000000000000000        0x0 /Applications/STM32CubeIDE.app/Contents/Eclipse/plugins/com.st.stm32cube.ide.mcu.externaltools.gnu-tools-for-stm32.7-2018-q2-update.macos64_1.4.0.202007081208/tools/bin/../lib/gcc/arm-none-eabi/7.3.1/thumb/v6-m/crtend.o
 .data          0x0000000000000000        0x0 /Applications/STM32CubeIDE.app/Contents/Eclipse/plugins/com.st.stm32cube.ide.mcu.externaltools.gnu-tools-for-stm32.7-2018-q2-update.macos64_1.4.0.202007081208/tools/bin/../lib/gcc/arm-none-eabi/7.3.1/thumb/v6-m/crtend.o
 .bss           0x0000000000000000        0x0 /Applications/STM32CubeIDE.app/Contents/Eclipse/plugins/com.st.stm32cube.ide.mcu.externaltools.gnu-tools-for-stm32.7-2018-q2-update.macos64_1.4.0.202007081208/tools/bin/../lib/gcc/arm-none-eabi/7.3.1/thumb/v6-m/crtend.o
 .eh_frame      0x0000000000000000        0x4 /Applications/STM32CubeIDE.app/Contents/Eclipse/plugins/com.st.stm32cube.ide.mcu.externaltools.gnu-tools-for-stm32.7-2018-q2-update.macos64_1.4.0.202007081208/tools/bin/../lib/gcc/arm-none-eabi/7.3.1/thumb/v6-m/crtend.o
 .ARM.attributes
                0x0000000000000000       0x2c /Applications/STM32CubeIDE.app/Contents/Eclipse/plugins/com.st.stm32cube.ide.mcu.externaltools.gnu-tools-for-stm32.7-2018-q2-update.macos64_1.4.0.202007081208/tools/bin/../lib/gcc/arm-none-eabi/7.3.1/thumb/v6-m/crtend.o
 .text          0x0000000000000000        0x0 /Applications/STM32CubeIDE.app/Contents/Eclipse/plugins/com.st.stm32cube.ide.mcu.externaltools.gnu-tools-for-stm32.7-2018-q2-update.macos64_1.4.0.202007081208/tools/bin/../lib/gcc/arm-none-eabi/7.3.1/thumb/v6-m/crtn.o
 .data          0x0000000000000000        0x0 /Applications/STM32CubeIDE.app/Contents/Eclipse/plugins/com.st.stm32cube.ide.mcu.externaltools.gnu-tools-for-stm32.7-2018-q2-update.macos64_1.4.0.202007081208/tools/bin/../lib/gcc/arm-none-eabi/7.3.1/thumb/v6-m/crtn.o
 .bss           0x0000000000000000        0x0 /Applications/STM32CubeIDE.app/Contents/Eclipse/plugins/com.st.stm32cube.ide.mcu.externaltools.gnu-tools-for-stm32.7-2018-q2-update.macos64_1.4.0.202007081208/tools/bin/../lib/gcc/arm-none-eabi/7.3.1/thumb/v6-m/crtn.o

Memory Configuration

Name             Origin             Length             Attributes
RAM              0x0000000020000000 0x0000000000001800 xrw
ROM              0x0000000008000000 0x0000000000004000 xr
*default*        0x0000000000000000 0xffffffffffffffff

Linker script and memory map

LOAD /Applications/STM32CubeIDE.app/Contents/Eclipse/plugins/com.st.stm32cube.ide.mcu.externaltools.gnu-tools-for-stm32.7-2018-q2-update.macos64_1.4.0.202007081208/tools/bin/../lib/gcc/arm-none-eabi/7.3.1/thumb/v6-m/crti.o
LOAD /Applications/STM32CubeIDE.app/Contents/Eclipse/plugins/com.st.stm32cube.ide.mcu.externaltools.gnu-tools-for-stm32.7-2018-q2-update.macos64_1.4.0.202007081208/tools/bin/../lib/gcc/arm-none-eabi/7.3.1/thumb/v6-m/crtbegin.o
LOAD /Applications/STM32CubeIDE.app/Contents/Eclipse/plugins/com.st.stm32cube.ide.mcu.externaltools.gnu-tools-for-stm32.7-2018-q2-update.macos64_1.4.0.202007081208/tools/bin/../lib/gcc/arm-none-eabi/7.3.1/../../../../arm-none-eabi/lib/thumb/v6-m/crt0.o
LOAD Drivers/DEV_driver.o
LOAD Drivers/Modul drivers/AD8556_driver.o
LOAD Drivers/Modul drivers/BUTTON_driver.o
LOAD Drivers/Modul drivers/INAMP_driver.o
LOAD Drivers/Modul drivers/LED_driver.o
LOAD Drivers/Modul drivers/OMS_driver.o
LOAD Drivers/Peripheral_drivers/ADC_driver.o
LOAD Drivers/Peripheral_drivers/EXTI_driver.o
LOAD Drivers/Peripheral_drivers/GPIO_driver.o
LOAD Drivers/Peripheral_drivers/NVIC_driver.o
LOAD Drivers/Peripheral_drivers/RCC_driver.o
LOAD Drivers/Peripheral_drivers/SPI_driver.o
LOAD Drivers/Peripheral_drivers/SYSCFG_driver.o
LOAD Drivers/Peripheral_drivers/TIM16_driver.o
LOAD Drivers/Peripheral_drivers/TIM17_driver.o
LOAD Drivers/Peripheral_drivers/USB_driver.o
LOAD Src/main.o
LOAD Src/syscalls.o
LOAD Src/sysmem.o
LOAD Startup/startup_stm32f042c4tx.o
START GROUP
LOAD /Applications/STM32CubeIDE.app/Contents/Eclipse/plugins/com.st.stm32cube.ide.mcu.externaltools.gnu-tools-for-stm32.7-2018-q2-update.macos64_1.4.0.202007081208/tools/bin/../lib/gcc/arm-none-eabi/7.3.1/../../../../arm-none-eabi/lib/thumb/v6-m/libc_nano.a
LOAD /Applications/STM32CubeIDE.app/Contents/Eclipse/plugins/com.st.stm32cube.ide.mcu.externaltools.gnu-tools-for-stm32.7-2018-q2-update.macos64_1.4.0.202007081208/tools/bin/../lib/gcc/arm-none-eabi/7.3.1/../../../../arm-none-eabi/lib/thumb/v6-m/libm.a
END GROUP
START GROUP
LOAD /Applications/STM32CubeIDE.app/Contents/Eclipse/plugins/com.st.stm32cube.ide.mcu.externaltools.gnu-tools-for-stm32.7-2018-q2-update.macos64_1.4.0.202007081208/tools/bin/../lib/gcc/arm-none-eabi/7.3.1/thumb/v6-m/libgcc.a
LOAD /Applications/STM32CubeIDE.app/Contents/Eclipse/plugins/com.st.stm32cube.ide.mcu.externaltools.gnu-tools-for-stm32.7-2018-q2-update.macos64_1.4.0.202007081208/tools/bin/../lib/gcc/arm-none-eabi/7.3.1/../../../../arm-none-eabi/lib/thumb/v6-m/libc_nano.a
END GROUP
START GROUP
LOAD /Applications/STM32CubeIDE.app/Contents/Eclipse/plugins/com.st.stm32cube.ide.mcu.externaltools.gnu-tools-for-stm32.7-2018-q2-update.macos64_1.4.0.202007081208/tools/bin/../lib/gcc/arm-none-eabi/7.3.1/thumb/v6-m/libgcc.a
LOAD /Applications/STM32CubeIDE.app/Contents/Eclipse/plugins/com.st.stm32cube.ide.mcu.externaltools.gnu-tools-for-stm32.7-2018-q2-update.macos64_1.4.0.202007081208/tools/bin/../lib/gcc/arm-none-eabi/7.3.1/../../../../arm-none-eabi/lib/thumb/v6-m/libc_nano.a
LOAD /Applications/STM32CubeIDE.app/Contents/Eclipse/plugins/com.st.stm32cube.ide.mcu.externaltools.gnu-tools-for-stm32.7-2018-q2-update.macos64_1.4.0.202007081208/tools/bin/../lib/gcc/arm-none-eabi/7.3.1/../../../../arm-none-eabi/lib/thumb/v6-m/libnosys.a
END GROUP
START GROUP
LOAD /Applications/STM32CubeIDE.app/Contents/Eclipse/plugins/com.st.stm32cube.ide.mcu.externaltools.gnu-tools-for-stm32.7-2018-q2-update.macos64_1.4.0.202007081208/tools/bin/../lib/gcc/arm-none-eabi/7.3.1/thumb/v6-m/libgcc.a
LOAD /Applications/STM32CubeIDE.app/Contents/Eclipse/plugins/com.st.stm32cube.ide.mcu.externaltools.gnu-tools-for-stm32.7-2018-q2-update.macos64_1.4.0.202007081208/tools/bin/../lib/gcc/arm-none-eabi/7.3.1/../../../../arm-none-eabi/lib/thumb/v6-m/libc_nano.a
LOAD /Applications/STM32CubeIDE.app/Contents/Eclipse/plugins/com.st.stm32cube.ide.mcu.externaltools.gnu-tools-for-stm32.7-2018-q2-update.macos64_1.4.0.202007081208/tools/bin/../lib/gcc/arm-none-eabi/7.3.1/../../../../arm-none-eabi/lib/thumb/v6-m/libnosys.a
END GROUP
LOAD /Applications/STM32CubeIDE.app/Contents/Eclipse/plugins/com.st.stm32cube.ide.mcu.externaltools.gnu-tools-for-stm32.7-2018-q2-update.macos64_1.4.0.202007081208/tools/bin/../lib/gcc/arm-none-eabi/7.3.1/thumb/v6-m/crtend.o
LOAD /Applications/STM32CubeIDE.app/Contents/Eclipse/plugins/com.st.stm32cube.ide.mcu.externaltools.gnu-tools-for-stm32.7-2018-q2-update.macos64_1.4.0.202007081208/tools/bin/../lib/gcc/arm-none-eabi/7.3.1/thumb/v6-m/crtn.o
                0x0000000020001800                _estack = (ORIGIN (RAM) + LENGTH (RAM))
                0x0000000000000200                _Min_Heap_Size = 0x200
                0x0000000000000400                _Min_Stack_Size = 0x400

.isr_vector     0x0000000008000000       0xc0
                0x0000000008000000                . = ALIGN (0x4)
 *(.isr_vector)
 .isr_vector    0x0000000008000000       0xc0 Startup/startup_stm32f042c4tx.o
                0x0000000008000000                g_pfnVectors
                0x00000000080000c0                . = ALIGN (0x4)

.text           0x00000000080000c0      0x5d4
                0x00000000080000c0                . = ALIGN (0x4)
 *(.text)
 .text          0x00000000080000c0       0x48 /Applications/STM32CubeIDE.app/Contents/Eclipse/plugins/com.st.stm32cube.ide.mcu.externaltools.gnu-tools-for-stm32.7-2018-q2-update.macos64_1.4.0.202007081208/tools/bin/../lib/gcc/arm-none-eabi/7.3.1/thumb/v6-m/crtbegin.o
 *(.text*)
 .text.DEV_init
                0x0000000008000108       0x18 Drivers/DEV_driver.o
                0x0000000008000108                DEV_init
 .text.DEV_tick
                0x0000000008000120       0x4c Drivers/DEV_driver.o
                0x0000000008000120                DEV_tick
 .text.updateButton
                0x000000000800016c       0x20 Drivers/DEV_driver.o
                0x000000000800016c                updateButton
 .text.updatePositionAndWheel
                0x000000000800018c       0x30 Drivers/DEV_driver.o
                0x000000000800018c                updatePositionAndWheel
 .text.setInAmp
                0x00000000080001bc       0x5c Drivers/Modul drivers/AD8556_driver.o
 .text.AD8556_init
                0x0000000008000218       0x68 Drivers/Modul drivers/AD8556_driver.o
                0x0000000008000218                AD8556_init
 .text.AD8556_getValue
                0x0000000008000280       0x14 Drivers/Modul drivers/AD8556_driver.o
                0x0000000008000280                AD8556_getValue
 .text.AD8556_startADCConversion
                0x0000000008000294        0x8 Drivers/Modul drivers/AD8556_driver.o
                0x0000000008000294                AD8556_startADCConversion
 .text.BUTTON_interruptHandler
                0x000000000800029c       0x88 Drivers/Modul drivers/BUTTON_driver.o
                0x000000000800029c                BUTTON_interruptHandler
 .text.LED_init
                0x0000000008000324       0x34 Drivers/Modul drivers/LED_driver.o
                0x0000000008000324                LED_init
 .text.LED_on   0x0000000008000358       0x14 Drivers/Modul drivers/LED_driver.o
                0x0000000008000358                LED_on
 .text.LED_off  0x000000000800036c       0x14 Drivers/Modul drivers/LED_driver.o
                0x000000000800036c                LED_off
 .text.ADC_init
                0x0000000008000380       0x48 Drivers/Peripheral_drivers/ADC_driver.o
                0x0000000008000380                ADC_init
 .text.ADC_startConversion
                0x00000000080003c8       0x10 Drivers/Peripheral_drivers/ADC_driver.o
                0x00000000080003c8                ADC_startConversion
 .text.ADC_interruptHandler
                0x00000000080003d8       0x1c Drivers/Peripheral_drivers/ADC_driver.o
                0x00000000080003d8                ADC_interruptHandler
 .text.ADC_valueUpdated
                0x00000000080003f4       0x14 Drivers/Peripheral_drivers/ADC_driver.o
                0x00000000080003f4                ADC_valueUpdated
 .text.EXTI_interruptHandler
                0x0000000008000408       0x2c Drivers/Peripheral_drivers/EXTI_driver.o
                0x0000000008000408                EXTI_interruptHandler
 .text.GPIO_setMODER
                0x0000000008000434       0x18 Drivers/Peripheral_drivers/GPIO_driver.o
                0x0000000008000434                GPIO_setMODER
 .text.GPIO_setOTYPER
                0x000000000800044c       0x16 Drivers/Peripheral_drivers/GPIO_driver.o
                0x000000000800044c                GPIO_setOTYPER
 .text.GPIO_setOSPEEDR
                0x0000000008000462       0x18 Drivers/Peripheral_drivers/GPIO_driver.o
                0x0000000008000462                GPIO_setOSPEEDR
 .text.GPIO_setPUPDR
                0x000000000800047a       0x18 Drivers/Peripheral_drivers/GPIO_driver.o
                0x000000000800047a                GPIO_setPUPDR
 .text.GPIO_setState
                0x0000000008000492        0xe Drivers/Peripheral_drivers/GPIO_driver.o
                0x0000000008000492                GPIO_setState
 .text.GPIO_getState
                0x00000000080004a0        0xa Drivers/Peripheral_drivers/GPIO_driver.o
                0x00000000080004a0                GPIO_getState
 *fill*         0x00000000080004aa        0x2 
 .text.NVIC_setADCLine
                0x00000000080004ac       0x1c Drivers/Peripheral_drivers/NVIC_driver.o
                0x00000000080004ac                NVIC_setADCLine
 .text.EXTI4_15_IRQHandler
                0x00000000080004c8        0xa Drivers/Peripheral_drivers/NVIC_driver.o
                0x00000000080004c8                EXTI4_15_IRQHandler
 .text.ADC_COMP_IRQHandler
                0x00000000080004d2        0x8 Drivers/Peripheral_drivers/NVIC_driver.o
                0x00000000080004d2                ADC_COMP_IRQHandler
 .text.TIM16_IRQHandler
                0x00000000080004da        0x8 Drivers/Peripheral_drivers/NVIC_driver.o
                0x00000000080004da                TIM16_IRQHandler
 *fill*         0x00000000080004e2        0x2 
 .text.RCC_initPCLK
                0x00000000080004e4       0x20 Drivers/Peripheral_drivers/RCC_driver.o
                0x00000000080004e4                RCC_initPCLK
 .text.RCC_initClockSystem
                0x0000000008000504       0x34 Drivers/Peripheral_drivers/RCC_driver.o
                0x0000000008000504                RCC_initClockSystem
 .text.TIM16_interruptHandler
                0x0000000008000538       0x18 Drivers/Peripheral_drivers/TIM16_driver.o
                0x0000000008000538                TIM16_interruptHandler
 .text.TIM17_init
                0x0000000008000550        0xc Drivers/Peripheral_drivers/TIM17_driver.o
                0x0000000008000550                TIM17_init
 .text.TIM17_delayUs
                0x000000000800055c       0x40 Drivers/Peripheral_drivers/TIM17_driver.o
                0x000000000800055c                TIM17_delayUs
 .text.startup.main
                0x000000000800059c       0x44 Src/main.o
                0x000000000800059c                main
 .text.Reset_Handler
                0x00000000080005e0       0x50 Startup/startup_stm32f042c4tx.o
                0x00000000080005e0                Reset_Handler
 .text.Default_Handler
                0x0000000008000630        0x2 Startup/startup_stm32f042c4tx.o
                0x0000000008000630                TIM1_BRK_UP_TRG_COM_IRQHandler
                0x0000000008000630                TSC_IRQHandler
                0x0000000008000630                HardFault_Handler
                0x0000000008000630                SysTick_Handler
                0x0000000008000630                PVD_IRQHandler
                0x0000000008000630                PendSV_Handler
                0x0000000008000630                NMI_Handler
                0x0000000008000630                I2C1_IRQHandler
                0x0000000008000630                RCC_CRS_IRQHandler
                0x0000000008000630                SPI1_IRQHandler
                0x0000000008000630                TIM6_DAC_IRQHandler
                0x0000000008000630                USART3_4_IRQHandler
                0x0000000008000630                EXTI2_3_IRQHandler
                0x0000000008000630                I2C2_IRQHandler
                0x0000000008000630                TIM17_IRQHandler
                0x0000000008000630                CEC_CAN_IRQHandler
                0x0000000008000630                RTC_IRQHandler
                0x0000000008000630                TIM3_IRQHandler
                0x0000000008000630                Default_Handler
                0x0000000008000630                TIM14_IRQHandler
                0x0000000008000630                TIM7_IRQHandler
                0x0000000008000630                TIM15_IRQHandler
                0x0000000008000630                EXTI0_1_IRQHandler
                0x0000000008000630                USB_IRQHandler
                0x0000000008000630                SPI2_IRQHandler
                0x0000000008000630                DMA1_CH1_IRQHandler
                0x0000000008000630                SVC_Handler
                0x0000000008000630                WWDG_IRQHandler
                0x0000000008000630                TIM2_IRQHandler
                0x0000000008000630                USART2_IRQHandler
                0x0000000008000630                FLASH_IRQHandler
                0x0000000008000630                USART1_IRQHandler
                0x0000000008000630                TIM1_CC_IRQHandler
 *fill*         0x0000000008000632        0x2 
 .text.__libc_init_array
                0x0000000008000634       0x48 /Applications/STM32CubeIDE.app/Contents/Eclipse/plugins/com.st.stm32cube.ide.mcu.externaltools.gnu-tools-for-stm32.7-2018-q2-update.macos64_1.4.0.202007081208/tools/bin/../lib/gcc/arm-none-eabi/7.3.1/../../../../arm-none-eabi/lib/thumb/v6-m/libc_nano.a(lib_a-init.o)
                0x0000000008000634                __libc_init_array
 *(.glue_7)
 .glue_7        0x000000000800067c        0x0 linker stubs
 *(.glue_7t)
 .glue_7t       0x000000000800067c        0x0 linker stubs
 *(.eh_frame)
 .eh_frame      0x000000000800067c        0x0 /Applications/STM32CubeIDE.app/Contents/Eclipse/plugins/com.st.stm32cube.ide.mcu.externaltools.gnu-tools-for-stm32.7-2018-q2-update.macos64_1.4.0.202007081208/tools/bin/../lib/gcc/arm-none-eabi/7.3.1/thumb/v6-m/crtbegin.o
 *(.init)
 .init          0x000000000800067c        0x4 /Applications/STM32CubeIDE.app/Contents/Eclipse/plugins/com.st.stm32cube.ide.mcu.externaltools.gnu-tools-for-stm32.7-2018-q2-update.macos64_1.4.0.202007081208/tools/bin/../lib/gcc/arm-none-eabi/7.3.1/thumb/v6-m/crti.o
                0x000000000800067c                _init
 .init          0x0000000008000680        0x8 /Applications/STM32CubeIDE.app/Contents/Eclipse/plugins/com.st.stm32cube.ide.mcu.externaltools.gnu-tools-for-stm32.7-2018-q2-update.macos64_1.4.0.202007081208/tools/bin/../lib/gcc/arm-none-eabi/7.3.1/thumb/v6-m/crtn.o
 *(.fini)
 .fini          0x0000000008000688        0x4 /Applications/STM32CubeIDE.app/Contents/Eclipse/plugins/com.st.stm32cube.ide.mcu.externaltools.gnu-tools-for-stm32.7-2018-q2-update.macos64_1.4.0.202007081208/tools/bin/../lib/gcc/arm-none-eabi/7.3.1/thumb/v6-m/crti.o
                0x0000000008000688                _fini
 .fini          0x000000000800068c        0x8 /Applications/STM32CubeIDE.app/Contents/Eclipse/plugins/com.st.stm32cube.ide.mcu.externaltools.gnu-tools-for-stm32.7-2018-q2-update.macos64_1.4.0.202007081208/tools/bin/../lib/gcc/arm-none-eabi/7.3.1/thumb/v6-m/crtn.o
                0x0000000008000694                . = ALIGN (0x4)
                0x0000000008000694                _etext = .

.vfp11_veneer   0x0000000008000694        0x0
 .vfp11_veneer  0x0000000008000694        0x0 linker stubs

.v4_bx          0x0000000008000694        0x0
 .v4_bx         0x0000000008000694        0x0 linker stubs

.iplt           0x0000000008000694        0x0
 .iplt          0x0000000008000694        0x0 /Applications/STM32CubeIDE.app/Contents/Eclipse/plugins/com.st.stm32cube.ide.mcu.externaltools.gnu-tools-for-stm32.7-2018-q2-update.macos64_1.4.0.202007081208/tools/bin/../lib/gcc/arm-none-eabi/7.3.1/thumb/v6-m/crtbegin.o

.rel.dyn        0x0000000008000694        0x0
 .rel.iplt      0x0000000008000694        0x0 /Applications/STM32CubeIDE.app/Contents/Eclipse/plugins/com.st.stm32cube.ide.mcu.externaltools.gnu-tools-for-stm32.7-2018-q2-update.macos64_1.4.0.202007081208/tools/bin/../lib/gcc/arm-none-eabi/7.3.1/thumb/v6-m/crtbegin.o

.rodata         0x0000000008000694        0x0
                0x0000000008000694                . = ALIGN (0x4)
 *(.rodata)
 *(.rodata*)
                0x0000000008000694                . = ALIGN (0x4)

.ARM.extab      0x0000000008000694        0x0
                0x0000000008000694                . = ALIGN (0x4)
 *(.ARM.extab* .gnu.linkonce.armextab.*)
                0x0000000008000694                . = ALIGN (0x4)

.ARM            0x0000000008000694        0x0
                0x0000000008000694                . = ALIGN (0x4)
                0x0000000008000694                __exidx_start = .
 *(.ARM.exidx*)
                0x0000000008000694                __exidx_end = .
                0x0000000008000694                . = ALIGN (0x4)

.preinit_array  0x0000000008000694        0x0
                0x0000000008000694                . = ALIGN (0x4)
                0x0000000008000694                PROVIDE (__preinit_array_start = .)
 *(.preinit_array*)
                0x0000000008000694                PROVIDE (__preinit_array_end = .)
                0x0000000008000694                . = ALIGN (0x4)

.init_array     0x0000000008000694        0x4
                0x0000000008000694                . = ALIGN (0x4)
                0x0000000008000694                PROVIDE (__init_array_start = .)
 *(SORT_BY_NAME(.init_array.*))
 *(.init_array*)
 .init_array    0x0000000008000694        0x4 /Applications/STM32CubeIDE.app/Contents/Eclipse/plugins/com.st.stm32cube.ide.mcu.externaltools.gnu-tools-for-stm32.7-2018-q2-update.macos64_1.4.0.202007081208/tools/bin/../lib/gcc/arm-none-eabi/7.3.1/thumb/v6-m/crtbegin.o
                0x0000000008000698                PROVIDE (__init_array_end = .)
                0x0000000008000698                . = ALIGN (0x4)

.fini_array     0x0000000008000698        0x4
                0x0000000008000698                . = ALIGN (0x4)
                [!provide]                        PROVIDE (__fini_array_start = .)
 *(SORT_BY_NAME(.fini_array.*))
 *(.fini_array*)
 .fini_array    0x0000000008000698        0x4 /Applications/STM32CubeIDE.app/Contents/Eclipse/plugins/com.st.stm32cube.ide.mcu.externaltools.gnu-tools-for-stm32.7-2018-q2-update.macos64_1.4.0.202007081208/tools/bin/../lib/gcc/arm-none-eabi/7.3.1/thumb/v6-m/crtbegin.o
                [!provide]                        PROVIDE (__fini_array_end = .)
                0x000000000800069c                . = ALIGN (0x4)
                0x000000000800069c                _sidata = LOADADDR (.data)

.data           0x0000000020000000        0x0 load address 0x000000000800069c
                0x0000000020000000                . = ALIGN (0x4)
                0x0000000020000000                _sdata = .
 *(.data)
 *(.data*)
                0x0000000020000000                . = ALIGN (0x4)
                0x0000000020000000                _edata = .

.igot.plt       0x0000000020000000        0x0 load address 0x000000000800069c
 .igot.plt      0x0000000020000000        0x0 /Applications/STM32CubeIDE.app/Contents/Eclipse/plugins/com.st.stm32cube.ide.mcu.externaltools.gnu-tools-for-stm32.7-2018-q2-update.macos64_1.4.0.202007081208/tools/bin/../lib/gcc/arm-none-eabi/7.3.1/thumb/v6-m/crtbegin.o
                0x0000000020000000                . = ALIGN (0x4)

.bss            0x0000000020000000       0x2c load address 0x000000000800069c
                0x0000000020000000                _sbss = .
                0x0000000020000000                __bss_start__ = _sbss
 *(.bss)
 .bss           0x0000000020000000       0x1c /Applications/STM32CubeIDE.app/Contents/Eclipse/plugins/com.st.stm32cube.ide.mcu.externaltools.gnu-tools-for-stm32.7-2018-q2-update.macos64_1.4.0.202007081208/tools/bin/../lib/gcc/arm-none-eabi/7.3.1/thumb/v6-m/crtbegin.o
 *(.bss*)
 .bss.DEV_state
                0x000000002000001c        0x4 Drivers/DEV_driver.o
                0x000000002000001c                DEV_state
 .bss.DEV_stateOld
                0x0000000020000020        0x4 Drivers/DEV_driver.o
                0x0000000020000020                DEV_stateOld
 .bss.scrollBuffer.4271
                0x0000000020000024        0x1 Drivers/Modul drivers/BUTTON_driver.o
 .bss.dataUpdated
                0x0000000020000025        0x1 Drivers/Peripheral_drivers/ADC_driver.o
                0x0000000020000025                dataUpdated
 .bss.pressureRaw
                0x0000000020000026        0x2 Drivers/Peripheral_drivers/ADC_driver.o
                0x0000000020000026                pressureRaw
 .bss.ahaPico   0x0000000020000028        0x2 Src/main.o
                0x0000000020000028                ahaPico
 *(COMMON)
                0x000000002000002c                . = ALIGN (0x4)
 *fill*         0x000000002000002a        0x2 
                0x000000002000002c                _ebss = .
                0x000000002000002c                __bss_end__ = _ebss

._user_heap_stack
                0x000000002000002c      0x604 load address 0x000000000800069c
                0x0000000020000030                . = ALIGN (0x8)
 *fill*         0x000000002000002c        0x4 
                [!provide]                        PROVIDE (end = .)
                0x0000000020000030                PROVIDE (_end = .)
                0x0000000020000230                . = (. + _Min_Heap_Size)
 *fill*         0x0000000020000030      0x200 
                0x0000000020000630                . = (. + _Min_Stack_Size)
 *fill*         0x0000000020000230      0x400 
                0x0000000020000630                . = ALIGN (0x8)

/DISCARD/
 libc.a(*)
 libm.a(*)
 libgcc.a(*)

.ARM.attributes
                0x0000000000000000       0x28
 *(.ARM.attributes)
 .ARM.attributes
                0x0000000000000000       0x1e /Applications/STM32CubeIDE.app/Contents/Eclipse/plugins/com.st.stm32cube.ide.mcu.externaltools.gnu-tools-for-stm32.7-2018-q2-update.macos64_1.4.0.202007081208/tools/bin/../lib/gcc/arm-none-eabi/7.3.1/thumb/v6-m/crti.o
 .ARM.attributes
                0x000000000000001e       0x2c /Applications/STM32CubeIDE.app/Contents/Eclipse/plugins/com.st.stm32cube.ide.mcu.externaltools.gnu-tools-for-stm32.7-2018-q2-update.macos64_1.4.0.202007081208/tools/bin/../lib/gcc/arm-none-eabi/7.3.1/thumb/v6-m/crtbegin.o
 .ARM.attributes
                0x000000000000004a       0x31 Drivers/DEV_driver.o
 .ARM.attributes
                0x000000000000007b       0x31 Drivers/Modul drivers/AD8556_driver.o
 .ARM.attributes
                0x00000000000000ac       0x31 Drivers/Modul drivers/BUTTON_driver.o
 .ARM.attributes
                0x00000000000000dd       0x31 Drivers/Modul drivers/LED_driver.o
 .ARM.attributes
                0x000000000000010e       0x31 Drivers/Peripheral_drivers/ADC_driver.o
 .ARM.attributes
                0x000000000000013f       0x31 Drivers/Peripheral_drivers/EXTI_driver.o
 .ARM.attributes
                0x0000000000000170       0x31 Drivers/Peripheral_drivers/GPIO_driver.o
 .ARM.attributes
                0x00000000000001a1       0x31 Drivers/Peripheral_drivers/NVIC_driver.o
 .ARM.attributes
                0x00000000000001d2       0x31 Drivers/Peripheral_drivers/RCC_driver.o
 .ARM.attributes
                0x0000000000000203       0x31 Drivers/Peripheral_drivers/TIM16_driver.o
 .ARM.attributes
                0x0000000000000234       0x31 Drivers/Peripheral_drivers/TIM17_driver.o
 .ARM.attributes
                0x0000000000000265       0x31 Src/main.o
 .ARM.attributes
                0x0000000000000296       0x21 Startup/startup_stm32f042c4tx.o
 .ARM.attributes
                0x00000000000002b7       0x2c /Applications/STM32CubeIDE.app/Contents/Eclipse/plugins/com.st.stm32cube.ide.mcu.externaltools.gnu-tools-for-stm32.7-2018-q2-update.macos64_1.4.0.202007081208/tools/bin/../lib/gcc/arm-none-eabi/7.3.1/../../../../arm-none-eabi/lib/thumb/v6-m/libc_nano.a(lib_a-init.o)
 .ARM.attributes
                0x00000000000002e3       0x1e /Applications/STM32CubeIDE.app/Contents/Eclipse/plugins/com.st.stm32cube.ide.mcu.externaltools.gnu-tools-for-stm32.7-2018-q2-update.macos64_1.4.0.202007081208/tools/bin/../lib/gcc/arm-none-eabi/7.3.1/thumb/v6-m/crtn.o
OUTPUT(Mouse_v3.elf elf32-littlearm)

.comment        0x0000000000000000       0x7b
 .comment       0x0000000000000000       0x7b Drivers/DEV_driver.o
                                         0x7c (size before relaxing)
 .comment       0x000000000000007b       0x7c Drivers/Modul drivers/AD8556_driver.o
 .comment       0x000000000000007b       0x7c Drivers/Modul drivers/BUTTON_driver.o
 .comment       0x000000000000007b       0x7c Drivers/Modul drivers/LED_driver.o
 .comment       0x000000000000007b       0x7c Drivers/Peripheral_drivers/ADC_driver.o
 .comment       0x000000000000007b       0x7c Drivers/Peripheral_drivers/EXTI_driver.o
 .comment       0x000000000000007b       0x7c Drivers/Peripheral_drivers/GPIO_driver.o
 .comment       0x000000000000007b       0x7c Drivers/Peripheral_drivers/NVIC_driver.o
 .comment       0x000000000000007b       0x7c Drivers/Peripheral_drivers/RCC_driver.o
 .comment       0x000000000000007b       0x7c Drivers/Peripheral_drivers/TIM16_driver.o
 .comment       0x000000000000007b       0x7c Drivers/Peripheral_drivers/TIM17_driver.o
 .comment       0x000000000000007b       0x7c Src/main.o

.debug_frame    0x0000000000000000       0x2c
 .debug_frame   0x0000000000000000       0x2c /Applications/STM32CubeIDE.app/Contents/Eclipse/plugins/com.st.stm32cube.ide.mcu.externaltools.gnu-tools-for-stm32.7-2018-q2-update.macos64_1.4.0.202007081208/tools/bin/../lib/gcc/arm-none-eabi/7.3.1/../../../../arm-none-eabi/lib/thumb/v6-m/libc_nano.a(lib_a-init.o)
